<?xml version="1.0" encoding="ISO-8859-1" ?>
<link_info>
   <banner>TI ARM Linker PC v18.1.2.LTS</banner>
   <copyright>Copyright (c) 1996-2017 Texas Instruments Incorporated</copyright>
   <link_time>0x5bb34a22</link_time>
   <link_errors>0x0</link_errors>
   <output_file>RTOSDemo.out</output_file>
   <entry_point>
      <name>_c_int00_noargs</name>
      <address>0x3355</address>
   </entry_point>
   <input_file_list>
      <input_file id="fl-2">
         <path>.\</path>
         <kind>object</kind>
         <file>Clock.obj</file>
         <name>Clock.obj</name>
      </input_file>
      <input_file id="fl-3">
         <path>.\</path>
         <kind>object</kind>
         <file>CortexM.obj</file>
         <name>CortexM.obj</name>
      </input_file>
      <input_file id="fl-4">
         <path>.\</path>
         <kind>object</kind>
         <file>SysTick.obj</file>
         <name>SysTick.obj</name>
      </input_file>
      <input_file id="fl-5">
         <path>.\</path>
         <kind>object</kind>
         <file>bumpSwitch.obj</file>
         <name>bumpSwitch.obj</name>
      </input_file>
      <input_file id="fl-6">
         <path>.\</path>
         <kind>object</kind>
         <file>dcMotor.obj</file>
         <name>dcMotor.obj</name>
      </input_file>
      <input_file id="fl-7">
         <path>.\</path>
         <kind>object</kind>
         <file>main.obj</file>
         <name>main.obj</name>
      </input_file>
      <input_file id="fl-8">
         <path>.\</path>
         <kind>object</kind>
         <file>outputLED.obj</file>
         <name>outputLED.obj</name>
      </input_file>
      <input_file id="fl-9">
         <path>.\</path>
         <kind>object</kind>
         <file>songFile.obj</file>
         <name>songFile.obj</name>
      </input_file>
      <input_file id="fl-a">
         <path>.\FreeRTOS_Source\</path>
         <kind>object</kind>
         <file>croutine.obj</file>
         <name>croutine.obj</name>
      </input_file>
      <input_file id="fl-b">
         <path>.\FreeRTOS_Source\</path>
         <kind>object</kind>
         <file>event_groups.obj</file>
         <name>event_groups.obj</name>
      </input_file>
      <input_file id="fl-c">
         <path>.\FreeRTOS_Source\</path>
         <kind>object</kind>
         <file>list.obj</file>
         <name>list.obj</name>
      </input_file>
      <input_file id="fl-d">
         <path>.\FreeRTOS_Source\</path>
         <kind>object</kind>
         <file>queue.obj</file>
         <name>queue.obj</name>
      </input_file>
      <input_file id="fl-e">
         <path>.\FreeRTOS_Source\</path>
         <kind>object</kind>
         <file>stream_buffer.obj</file>
         <name>stream_buffer.obj</name>
      </input_file>
      <input_file id="fl-f">
         <path>.\FreeRTOS_Source\</path>
         <kind>object</kind>
         <file>tasks.obj</file>
         <name>tasks.obj</name>
      </input_file>
      <input_file id="fl-10">
         <path>.\FreeRTOS_Source\</path>
         <kind>object</kind>
         <file>timers.obj</file>
         <name>timers.obj</name>
      </input_file>
      <input_file id="fl-11">
         <path>.\FreeRTOS_Source\portable\CCS\ARM_CM4F\</path>
         <kind>object</kind>
         <file>port.obj</file>
         <name>port.obj</name>
      </input_file>
      <input_file id="fl-12">
         <path>.\FreeRTOS_Source\portable\CCS\ARM_CM4F\</path>
         <kind>object</kind>
         <file>portasm.obj</file>
         <name>portasm.obj</name>
      </input_file>
      <input_file id="fl-13">
         <path>.\FreeRTOS_Source\portable\MemMang\</path>
         <kind>object</kind>
         <file>heap_4.obj</file>
         <name>heap_4.obj</name>
      </input_file>
      <input_file id="fl-14">
         <path>.\Full_Demo\FreeRTOS+CLI\</path>
         <kind>object</kind>
         <file>FreeRTOS_CLI.obj</file>
         <name>FreeRTOS_CLI.obj</name>
      </input_file>
      <input_file id="fl-15">
         <path>.\Full_Demo\</path>
         <kind>object</kind>
         <file>IntQueueTimer.obj</file>
         <name>IntQueueTimer.obj</name>
      </input_file>
      <input_file id="fl-16">
         <path>.\Full_Demo\</path>
         <kind>object</kind>
         <file>RegTest.obj</file>
         <name>RegTest.obj</name>
      </input_file>
      <input_file id="fl-17">
         <path>.\Full_Demo\</path>
         <kind>object</kind>
         <file>RunTimeStatsTimer.obj</file>
         <name>RunTimeStatsTimer.obj</name>
      </input_file>
      <input_file id="fl-18">
         <path>.\Full_Demo\</path>
         <kind>object</kind>
         <file>Sample-CLI-commands.obj</file>
         <name>Sample-CLI-commands.obj</name>
      </input_file>
      <input_file id="fl-19">
         <path>.\Full_Demo\</path>
         <kind>object</kind>
         <file>UARTCommandConsole.obj</file>
         <name>UARTCommandConsole.obj</name>
      </input_file>
      <input_file id="fl-1a">
         <path>.\Full_Demo\</path>
         <kind>object</kind>
         <file>main_full.obj</file>
         <name>main_full.obj</name>
      </input_file>
      <input_file id="fl-1b">
         <path>.\Full_Demo\</path>
         <kind>object</kind>
         <file>serial.obj</file>
         <name>serial.obj</name>
      </input_file>
      <input_file id="fl-1c">
         <path>.\Full_Demo\Standard_Demo_Tasks\</path>
         <kind>object</kind>
         <file>EventGroupsDemo.obj</file>
         <name>EventGroupsDemo.obj</name>
      </input_file>
      <input_file id="fl-1d">
         <path>.\Full_Demo\Standard_Demo_Tasks\</path>
         <kind>object</kind>
         <file>GenQTest.obj</file>
         <name>GenQTest.obj</name>
      </input_file>
      <input_file id="fl-1e">
         <path>.\Full_Demo\Standard_Demo_Tasks\</path>
         <kind>object</kind>
         <file>IntQueue.obj</file>
         <name>IntQueue.obj</name>
      </input_file>
      <input_file id="fl-1f">
         <path>.\Full_Demo\Standard_Demo_Tasks\</path>
         <kind>object</kind>
         <file>IntSemTest.obj</file>
         <name>IntSemTest.obj</name>
      </input_file>
      <input_file id="fl-20">
         <path>.\Full_Demo\Standard_Demo_Tasks\</path>
         <kind>object</kind>
         <file>TaskNotify.obj</file>
         <name>TaskNotify.obj</name>
      </input_file>
      <input_file id="fl-21">
         <path>.\Full_Demo\Standard_Demo_Tasks\</path>
         <kind>object</kind>
         <file>TimerDemo.obj</file>
         <name>TimerDemo.obj</name>
      </input_file>
      <input_file id="fl-22">
         <path>.\Full_Demo\Standard_Demo_Tasks\</path>
         <kind>object</kind>
         <file>countsem.obj</file>
         <name>countsem.obj</name>
      </input_file>
      <input_file id="fl-23">
         <path>.\Full_Demo\Standard_Demo_Tasks\</path>
         <kind>object</kind>
         <file>recmutex.obj</file>
         <name>recmutex.obj</name>
      </input_file>
      <input_file id="fl-24">
         <path>.\Full_Demo\Standard_Demo_Tasks\</path>
         <kind>object</kind>
         <file>semtest.obj</file>
         <name>semtest.obj</name>
      </input_file>
      <input_file id="fl-25">
         <path>.\Full_Demo\Standard_Demo_Tasks\</path>
         <kind>object</kind>
         <file>sp_flop.obj</file>
         <name>sp_flop.obj</name>
      </input_file>
      <input_file id="fl-26">
         <path>.\SimplyBlinkyDemo\</path>
         <kind>object</kind>
         <file>main_blinky.obj</file>
         <name>main_blinky.obj</name>
      </input_file>
      <input_file id="fl-27">
         <path>.\driverlib\</path>
         <kind>object</kind>
         <file>cpu.obj</file>
         <name>cpu.obj</name>
      </input_file>
      <input_file id="fl-28">
         <path>.\driverlib\</path>
         <kind>object</kind>
         <file>cs.obj</file>
         <name>cs.obj</name>
      </input_file>
      <input_file id="fl-29">
         <path>.\driverlib\</path>
         <kind>object</kind>
         <file>flash.obj</file>
         <name>flash.obj</name>
      </input_file>
      <input_file id="fl-2a">
         <path>.\driverlib\</path>
         <kind>object</kind>
         <file>fpu.obj</file>
         <name>fpu.obj</name>
      </input_file>
      <input_file id="fl-2b">
         <path>.\driverlib\</path>
         <kind>object</kind>
         <file>gpio.obj</file>
         <name>gpio.obj</name>
      </input_file>
      <input_file id="fl-2c">
         <path>.\driverlib\</path>
         <kind>object</kind>
         <file>interrupt.obj</file>
         <name>interrupt.obj</name>
      </input_file>
      <input_file id="fl-2d">
         <path>.\driverlib\</path>
         <kind>object</kind>
         <file>pcm.obj</file>
         <name>pcm.obj</name>
      </input_file>
      <input_file id="fl-2e">
         <path>.\driverlib\</path>
         <kind>object</kind>
         <file>sysctl.obj</file>
         <name>sysctl.obj</name>
      </input_file>
      <input_file id="fl-2f">
         <path>.\driverlib\</path>
         <kind>object</kind>
         <file>timer32.obj</file>
         <name>timer32.obj</name>
      </input_file>
      <input_file id="fl-30">
         <path>.\driverlib\</path>
         <kind>object</kind>
         <file>uart.obj</file>
         <name>uart.obj</name>
      </input_file>
      <input_file id="fl-31">
         <path>.\driverlib\</path>
         <kind>object</kind>
         <file>wdt_a.obj</file>
         <name>wdt_a.obj</name>
      </input_file>
      <input_file id="fl-32">
         <path>.\system\CCS\</path>
         <kind>object</kind>
         <file>msp432_startup_ccs.obj</file>
         <name>msp432_startup_ccs.obj</name>
      </input_file>
      <input_file id="fl-33">
         <path>.\system\CCS\</path>
         <kind>object</kind>
         <file>printf-stdarg.obj</file>
         <name>printf-stdarg.obj</name>
      </input_file>
      <input_file id="fl-34">
         <path>.\system\CCS\</path>
         <kind>object</kind>
         <file>system_msp432p401r.obj</file>
         <name>system_msp432p401r.obj</name>
      </input_file>
      <input_file id="fl-38">
         <kind>object</kind>
         <file>&lt;internal&gt;</file>
         <name>&lt;internal&gt;</name>
      </input_file>
      <input_file id="fl-ee">
         <path>C:\ti\ccsv8\tools\compiler\ti-cgt-arm_18.1.2.LTS\lib\</path>
         <kind>archive</kind>
         <file>rtsv7M4_T_le_v4SPD16_eabi.lib</file>
         <name>u_divt2.asm.obj</name>
      </input_file>
      <input_file id="fl-ef">
         <path>C:\ti\ccsv8\tools\compiler\ti-cgt-arm_18.1.2.LTS\lib\</path>
         <kind>archive</kind>
         <file>rtsv7M4_T_le_v4SPD16_eabi.lib</file>
         <name>memset_t2.asm.obj</name>
      </input_file>
      <input_file id="fl-f0">
         <path>C:\ti\ccsv8\tools\compiler\ti-cgt-arm_18.1.2.LTS\lib\</path>
         <kind>archive</kind>
         <file>rtsv7M4_T_le_v4SPD16_eabi.lib</file>
         <name>fd_cmp_t2.asm.obj</name>
      </input_file>
      <input_file id="fl-f1">
         <path>C:\ti\ccsv8\tools\compiler\ti-cgt-arm_18.1.2.LTS\lib\</path>
         <kind>archive</kind>
         <file>rtsv7M4_T_le_v4SPD16_eabi.lib</file>
         <name>fs_tod_t2.asm.obj</name>
      </input_file>
      <input_file id="fl-f2">
         <path>C:\ti\ccsv8\tools\compiler\ti-cgt-arm_18.1.2.LTS\lib\</path>
         <kind>archive</kind>
         <file>rtsv7M4_T_le_v4SPD16_eabi.lib</file>
         <name>memcpy_t2.asm.obj</name>
      </input_file>
      <input_file id="fl-f3">
         <path>C:\ti\ccsv8\tools\compiler\ti-cgt-arm_18.1.2.LTS\lib\</path>
         <kind>archive</kind>
         <file>rtsv7M4_T_le_v4SPD16_eabi.lib</file>
         <name>copy_zero_init.c.obj</name>
      </input_file>
      <input_file id="fl-f4">
         <path>C:\ti\ccsv8\tools\compiler\ti-cgt-arm_18.1.2.LTS\lib\</path>
         <kind>archive</kind>
         <file>rtsv7M4_T_le_v4SPD16_eabi.lib</file>
         <name>copy_decompress_none.c.obj</name>
      </input_file>
      <input_file id="fl-f5">
         <path>C:\ti\ccsv8\tools\compiler\ti-cgt-arm_18.1.2.LTS\lib\</path>
         <kind>archive</kind>
         <file>rtsv7M4_T_le_v4SPD16_eabi.lib</file>
         <name>copy_decompress_lzss.c.obj</name>
      </input_file>
      <input_file id="fl-f6">
         <path>C:\ti\ccsv8\tools\compiler\ti-cgt-arm_18.1.2.LTS\lib\</path>
         <kind>archive</kind>
         <file>rtsv7M4_T_le_v4SPD16_eabi.lib</file>
         <name>boot_cortex_m.c.obj</name>
      </input_file>
      <input_file id="fl-f7">
         <path>C:\ti\ccsv8\tools\compiler\ti-cgt-arm_18.1.2.LTS\lib\</path>
         <kind>archive</kind>
         <file>rtsv7M4_T_le_v4SPD16_eabi.lib</file>
         <name>exit.c.obj</name>
      </input_file>
      <input_file id="fl-f8">
         <path>C:\ti\ccsv8\tools\compiler\ti-cgt-arm_18.1.2.LTS\lib\</path>
         <kind>archive</kind>
         <file>rtsv7M4_T_le_v4SPD16_eabi.lib</file>
         <name>_lock.c.obj</name>
      </input_file>
      <input_file id="fl-f9">
         <path>C:\ti\ccsv8\tools\compiler\ti-cgt-arm_18.1.2.LTS\lib\</path>
         <kind>archive</kind>
         <file>rtsv7M4_T_le_v4SPD16_eabi.lib</file>
         <name>args_main.c.obj</name>
      </input_file>
      <input_file id="fl-fa">
         <path>C:\ti\ccsv8\tools\compiler\ti-cgt-arm_18.1.2.LTS\lib\</path>
         <kind>archive</kind>
         <file>rtsv7M4_T_le_v4SPD16_eabi.lib</file>
         <name>strcmp.c.obj</name>
      </input_file>
      <input_file id="fl-fb">
         <path>C:\ti\ccsv8\tools\compiler\ti-cgt-arm_18.1.2.LTS\lib\</path>
         <kind>archive</kind>
         <file>rtsv7M4_T_le_v4SPD16_eabi.lib</file>
         <name>strcpy.c.obj</name>
      </input_file>
      <input_file id="fl-fc">
         <path>C:\ti\ccsv8\tools\compiler\ti-cgt-arm_18.1.2.LTS\lib\</path>
         <kind>archive</kind>
         <file>rtsv7M4_T_le_v4SPD16_eabi.lib</file>
         <name>strlen.c.obj</name>
      </input_file>
      <input_file id="fl-fd">
         <path>C:\ti\ccsv8\tools\compiler\ti-cgt-arm_18.1.2.LTS\lib\</path>
         <kind>archive</kind>
         <file>rtsv7M4_T_le_v4SPD16_eabi.lib</file>
         <name>strncat.c.obj</name>
      </input_file>
      <input_file id="fl-fe">
         <path>C:\ti\ccsv8\tools\compiler\ti-cgt-arm_18.1.2.LTS\lib\</path>
         <kind>archive</kind>
         <file>rtsv7M4_T_le_v4SPD16_eabi.lib</file>
         <name>strncmp.c.obj</name>
      </input_file>
      <input_file id="fl-ff">
         <path>C:\ti\ccsv8\tools\compiler\ti-cgt-arm_18.1.2.LTS\lib\</path>
         <kind>archive</kind>
         <file>rtsv7M4_T_le_v4SPD16_eabi.lib</file>
         <name>strncpy.c.obj</name>
      </input_file>
      <input_file id="fl-100">
         <path>C:\ti\ccsv8\tools\compiler\ti-cgt-arm_18.1.2.LTS\lib\</path>
         <kind>archive</kind>
         <file>rtsv7M4_T_le_v4SPD16_eabi.lib</file>
         <name>div0.asm.obj</name>
      </input_file>
      <input_file id="fl-101">
         <path>C:\ti\ccsv8\tools\compiler\ti-cgt-arm_18.1.2.LTS\lib\</path>
         <kind>archive</kind>
         <file>rtsv7M4_T_le_v4SPD16_eabi.lib</file>
         <name>autoinit.c.obj</name>
      </input_file>
      <input_file id="fl-102">
         <path>C:\ti\ccsv8\tools\compiler\ti-cgt-arm_18.1.2.LTS\lib\</path>
         <kind>archive</kind>
         <file>rtsv7M4_T_le_v4SPD16_eabi.lib</file>
         <name>pre_init.c.obj</name>
      </input_file>
      <input_file id="fl-103">
         <path>C:\ti\ccsv8\tools\compiler\ti-cgt-arm_18.1.2.LTS\lib\</path>
         <kind>archive</kind>
         <file>rtsv7M4_T_le_v4SPD16_eabi.lib</file>
         <name>cpy_tbl.c.obj</name>
      </input_file>
   </input_file_list>
   <object_component_list>
      <object_component id="oc-10">
         <name>.intvecs:retain</name>
         <load_address>0x0</load_address>
         <run_address>0x0</run_address>
         <size>0x144</size>
         <input_file_ref idref="fl-32"/>
      </object_component>
      <object_component id="oc-3a3">
         <name>.text:play_song</name>
         <load_address>0x148</load_address>
         <run_address>0x148</run_address>
         <size>0x304</size>
         <input_file_ref idref="fl-9"/>
      </object_component>
      <object_component id="oc-114">
         <name>.text:_system_pre_init</name>
         <load_address>0x44c</load_address>
         <run_address>0x44c</run_address>
         <size>0x4</size>
         <input_file_ref idref="fl-102"/>
      </object_component>
      <object_component id="oc-e1">
         <name>.text:xSecondTimerHandler</name>
         <load_address>0x450</load_address>
         <run_address>0x450</run_address>
         <size>0x1c0</size>
         <input_file_ref idref="fl-1e"/>
      </object_component>
      <object_component id="oc-61c">
         <name>.text:xQueueGenericSend</name>
         <load_address>0x610</load_address>
         <run_address>0x610</run_address>
         <size>0x194</size>
         <input_file_ref idref="fl-d"/>
      </object_component>
      <object_component id="oc-1d7">
         <name>.text:abort:abort</name>
         <load_address>0x7a4</load_address>
         <run_address>0x7a4</run_address>
         <size>0x4</size>
         <input_file_ref idref="fl-f7"/>
      </object_component>
      <object_component id="oc-5e6">
         <name>.text:xQueueReceive</name>
         <load_address>0x7a8</load_address>
         <run_address>0x7a8</run_address>
         <size>0x164</size>
         <input_file_ref idref="fl-d"/>
      </object_component>
      <object_component id="oc-642">
         <name>.text:CS_getDCOFrequency</name>
         <load_address>0x910</load_address>
         <run_address>0x910</run_address>
         <size>0x148</size>
         <input_file_ref idref="fl-28"/>
      </object_component>
      <object_component id="oc-b1">
         <name>.text:xTaskIncrementTick</name>
         <load_address>0xa58</load_address>
         <run_address>0xa58</run_address>
         <size>0x148</size>
         <input_file_ref idref="fl-f"/>
      </object_component>
      <object_component id="oc-495">
         <name>.text:vPortSuppressTicksAndSleep</name>
         <load_address>0xba0</load_address>
         <run_address>0xba0</run_address>
         <size>0x134</size>
         <input_file_ref idref="fl-11"/>
      </object_component>
      <object_component id="oc-da">
         <name>.text:xFirstTimerHandler</name>
         <load_address>0xcd8</load_address>
         <run_address>0xcd8</run_address>
         <size>0x130</size>
         <input_file_ref idref="fl-1e"/>
      </object_component>
      <object_component id="oc-364">
         <name>.text:pvPortMalloc</name>
         <load_address>0xe08</load_address>
         <run_address>0xe08</run_address>
         <size>0x12c</size>
         <input_file_ref idref="fl-13"/>
      </object_component>
      <object_component id="oc-344">
         <name>.text:CS_initClockSignal</name>
         <load_address>0xf38</load_address>
         <run_address>0xf38</run_address>
         <size>0x11c</size>
         <input_file_ref idref="fl-28"/>
      </object_component>
      <object_component id="oc-5ed">
         <name>.text:_CSComputeCLKFrequency</name>
         <load_address>0x1058</load_address>
         <run_address>0x1058</run_address>
         <size>0x114</size>
         <input_file_ref idref="fl-28"/>
      </object_component>
      <object_component id="oc-439">
         <name>.text:xTaskResumeAll</name>
         <load_address>0x1170</load_address>
         <run_address>0x1170</run_address>
         <size>0x10c</size>
         <input_file_ref idref="fl-f"/>
      </object_component>
      <object_component id="oc-5af">
         <name>.text:__PCM_setPowerModeAdvanced</name>
         <load_address>0x1280</load_address>
         <run_address>0x1280</run_address>
         <size>0x108</size>
         <input_file_ref idref="fl-2d"/>
      </object_component>
      <object_component id="oc-567">
         <name>.text:prvProcessReceivedCommands</name>
         <load_address>0x1388</load_address>
         <run_address>0x1388</run_address>
         <size>0x100</size>
         <input_file_ref idref="fl-10"/>
      </object_component>
      <object_component id="oc-3dd">
         <name>.text:dcMotor_response</name>
         <load_address>0x1488</load_address>
         <run_address>0x1488</run_address>
         <size>0xfa</size>
         <input_file_ref idref="fl-6"/>
      </object_component>
      <object_component id="oc-be">
         <name>.text:vTaskNotifyGiveFromISR</name>
         <load_address>0x1588</load_address>
         <run_address>0x1588</run_address>
         <size>0xe0</size>
         <input_file_ref idref="fl-f"/>
      </object_component>
      <object_component id="oc-38a">
         <name>.text:xPortStartScheduler</name>
         <load_address>0x1668</load_address>
         <run_address>0x1668</run_address>
         <size>0xdc</size>
         <input_file_ref idref="fl-11"/>
      </object_component>
      <object_component id="oc-3d">
         <name>.text</name>
         <load_address>0x1744</load_address>
         <run_address>0x1744</run_address>
         <size>0xda</size>
         <input_file_ref idref="fl-12"/>
      </object_component>
      <object_component id="oc-41a">
         <name>.text:__PCM_setCoreVoltageLevelAdvanced</name>
         <load_address>0x1820</load_address>
         <run_address>0x1820</run_address>
         <size>0xd0</size>
         <input_file_ref idref="fl-2d"/>
      </object_component>
      <object_component id="oc-b8">
         <name>.text:xQueueGenericSendFromISR</name>
         <load_address>0x18f0</load_address>
         <run_address>0x18f0</run_address>
         <size>0xce</size>
         <input_file_ref idref="fl-d"/>
      </object_component>
      <object_component id="oc-255">
         <name>.text:xTaskPriorityDisinherit</name>
         <load_address>0x19c0</load_address>
         <run_address>0x19c0</run_address>
         <size>0xc8</size>
         <input_file_ref idref="fl-f"/>
      </object_component>
      <object_component id="oc-377">
         <name>.text:prvInitialiseNewTask</name>
         <load_address>0x1a88</load_address>
         <run_address>0x1a88</run_address>
         <size>0xc6</size>
         <input_file_ref idref="fl-f"/>
      </object_component>
      <object_component id="oc-1cb">
         <name>.text:main_blinky</name>
         <load_address>0x1b50</load_address>
         <run_address>0x1b50</run_address>
         <size>0xbc</size>
         <input_file_ref idref="fl-26"/>
      </object_component>
      <object_component id="oc-aa">
         <name>.text:vTaskSwitchContext</name>
         <load_address>0x1c10</load_address>
         <run_address>0x1c10</run_address>
         <size>0xb8</size>
         <input_file_ref idref="fl-f"/>
      </object_component>
      <object_component id="oc-37d">
         <name>.text:prvAddNewTaskToReadyList</name>
         <load_address>0x1cc8</load_address>
         <run_address>0x1cc8</run_address>
         <size>0xb4</size>
         <input_file_ref idref="fl-f"/>
      </object_component>
      <object_component id="oc-48">
         <name>.text:vUART_Handler</name>
         <load_address>0x1d80</load_address>
         <run_address>0x1d80</run_address>
         <size>0xb4</size>
         <input_file_ref idref="fl-1b"/>
      </object_component>
      <object_component id="oc-18a">
         <name>.text:xQueueReceiveFromISR</name>
         <load_address>0x1e38</load_address>
         <run_address>0x1e38</run_address>
         <size>0x9e</size>
         <input_file_ref idref="fl-d"/>
      </object_component>
      <object_component id="oc-68">
         <name>.text</name>
         <load_address>0x1ed6</load_address>
         <run_address>0x1ed6</run_address>
         <size>0x9c</size>
         <input_file_ref idref="fl-f2"/>
      </object_component>
      <object_component id="oc-16a">
         <name>.text:xTaskRemoveFromEventList</name>
         <load_address>0x1f78</load_address>
         <run_address>0x1f78</run_address>
         <size>0x9c</size>
         <input_file_ref idref="fl-f"/>
      </object_component>
      <object_component id="oc-601">
         <name>.text:prvSwitchTimerLists</name>
         <load_address>0x2018</load_address>
         <run_address>0x2018</run_address>
         <size>0x94</size>
         <input_file_ref idref="fl-10"/>
      </object_component>
      <object_component id="oc-635">
         <name>.text:xTaskCheckForTimeOut</name>
         <load_address>0x20b0</load_address>
         <run_address>0x20b0</run_address>
         <size>0x94</size>
         <input_file_ref idref="fl-f"/>
      </object_component>
      <object_component id="oc-44d">
         <name>.text:xQueueGenericReset</name>
         <load_address>0x2148</load_address>
         <run_address>0x2148</run_address>
         <size>0x90</size>
         <input_file_ref idref="fl-d"/>
      </object_component>
      <object_component id="oc-4ba">
         <name>.text:prvAddCurrentTaskToDelayedList</name>
         <load_address>0x21d8</load_address>
         <run_address>0x21d8</run_address>
         <size>0x88</size>
         <input_file_ref idref="fl-f"/>
      </object_component>
      <object_component id="oc-2c1">
         <name>.text:vTaskStartScheduler</name>
         <load_address>0x2260</load_address>
         <run_address>0x2260</run_address>
         <size>0x84</size>
         <input_file_ref idref="fl-f"/>
      </object_component>
      <object_component id="oc-390">
         <name>.text:prvIdleTask</name>
         <load_address>0x22e8</load_address>
         <run_address>0x22e8</run_address>
         <size>0x7c</size>
         <input_file_ref idref="fl-f"/>
      </object_component>
      <object_component id="oc-371">
         <name>.text:vPortFree</name>
         <load_address>0x2368</load_address>
         <run_address>0x2368</run_address>
         <size>0x7c</size>
         <input_file_ref idref="fl-13"/>
      </object_component>
      <object_component id="oc-10e">
         <name>.text</name>
         <load_address>0x23e4</load_address>
         <run_address>0x23e4</run_address>
         <size>0x7a</size>
         <input_file_ref idref="fl-ef"/>
      </object_component>
      <object_component id="oc-35d">
         <name>.text:Interrupt_enableInterrupt</name>
         <load_address>0x2460</load_address>
         <run_address>0x2460</run_address>
         <size>0x78</size>
         <input_file_ref idref="fl-2c"/>
      </object_component>
      <object_component id="oc-5e0">
         <name>.text:xTimerGenericCommand</name>
         <load_address>0x24d8</load_address>
         <run_address>0x24d8</run_address>
         <size>0x74</size>
         <input_file_ref idref="fl-10"/>
      </object_component>
      <object_component id="oc-164">
         <name>.text:prvCopyDataToQueue</name>
         <load_address>0x2550</load_address>
         <run_address>0x2550</run_address>
         <size>0x70</size>
         <input_file_ref idref="fl-d"/>
      </object_component>
      <object_component id="oc-42d">
         <name>.text:prvHeapInit</name>
         <load_address>0x25c0</load_address>
         <run_address>0x25c0</run_address>
         <size>0x70</size>
         <input_file_ref idref="fl-13"/>
      </object_component>
      <object_component id="oc-468">
         <name>.text:prvInitialiseTaskLists</name>
         <load_address>0x2630</load_address>
         <run_address>0x2630</run_address>
         <size>0x70</size>
         <input_file_ref idref="fl-f"/>
      </object_component>
      <object_component id="oc-561">
         <name>.text:prvProcessTimerOrBlockTask</name>
         <load_address>0x26a0</load_address>
         <run_address>0x26a0</run_address>
         <size>0x70</size>
         <input_file_ref idref="fl-10"/>
      </object_component>
      <object_component id="oc-3c9">
         <name>.text:outputLED_response</name>
         <load_address>0x2710</load_address>
         <run_address>0x2710</run_address>
         <size>0x6c</size>
         <input_file_ref idref="fl-8"/>
      </object_component>
      <object_component id="oc-60d">
         <name>.text:prvUnlockQueue</name>
         <load_address>0x2780</load_address>
         <run_address>0x2780</run_address>
         <size>0x6c</size>
         <input_file_ref idref="fl-d"/>
      </object_component>
      <object_component id="oc-9a">
         <name>.text:SystemInit</name>
         <load_address>0x27f0</load_address>
         <run_address>0x27f0</run_address>
         <size>0x68</size>
         <input_file_ref idref="fl-34"/>
      </object_component>
      <object_component id="oc-13">
         <name>.text:decompress:lzss:__TI_decompress_lzss</name>
         <load_address>0x2858</load_address>
         <run_address>0x2858</run_address>
         <size>0x68</size>
         <input_file_ref idref="fl-f5"/>
      </object_component>
      <object_component id="oc-433">
         <name>.text:prvInsertBlockIntoFreeList</name>
         <load_address>0x28c0</load_address>
         <run_address>0x28c0</run_address>
         <size>0x68</size>
         <input_file_ref idref="fl-13"/>
      </object_component>
      <object_component id="oc-488">
         <name>.text:vPortSetupTimerInterrupt</name>
         <load_address>0x2928</load_address>
         <run_address>0x2928</run_address>
         <size>0x68</size>
         <input_file_ref idref="fl-11"/>
      </object_component>
      <object_component id="oc-2bb">
         <name>.text:xTaskCreate</name>
         <load_address>0x2990</load_address>
         <run_address>0x2990</run_address>
         <size>0x68</size>
         <input_file_ref idref="fl-f"/>
      </object_component>
      <object_component id="oc-15e">
         <name>.text:vPortValidateInterruptPriority</name>
         <load_address>0x29f8</load_address>
         <run_address>0x29f8</run_address>
         <size>0x64</size>
         <input_file_ref idref="fl-11"/>
      </object_component>
      <object_component id="oc-5d3">
         <name>.text:prvProcessExpiredTimer</name>
         <load_address>0x2a60</load_address>
         <run_address>0x2a60</run_address>
         <size>0x60</size>
         <input_file_ref idref="fl-10"/>
      </object_component>
      <object_component id="oc-384">
         <name>.text:xTimerCreateTimerTask</name>
         <load_address>0x2ac0</load_address>
         <run_address>0x2ac0</run_address>
         <size>0x58</size>
         <input_file_ref idref="fl-10"/>
      </object_component>
      <object_component id="oc-296">
         <name>.text:GPIO_setAsPeripheralModuleFunctionInputPin</name>
         <load_address>0x2b18</load_address>
         <run_address>0x2b18</run_address>
         <size>0x54</size>
         <input_file_ref idref="fl-2b"/>
      </object_component>
      <object_component id="oc-66f">
         <name>.text:SysCtl_getTLVInfo</name>
         <load_address>0x2b70</load_address>
         <run_address>0x2b70</run_address>
         <size>0x54</size>
         <input_file_ref idref="fl-2e"/>
      </object_component>
      <object_component id="oc-4ab">
         <name>.text:beep</name>
         <load_address>0x2bc8</load_address>
         <run_address>0x2bc8</run_address>
         <size>0x54</size>
         <input_file_ref idref="fl-9"/>
      </object_component>
      <object_component id="oc-4e5">
         <name>.text:dcMotor_Left</name>
         <load_address>0x2c20</load_address>
         <run_address>0x2c20</run_address>
         <size>0x54</size>
         <input_file_ref idref="fl-6"/>
      </object_component>
      <object_component id="oc-4d9">
         <name>.text:dcMotor_Right</name>
         <load_address>0x2c78</load_address>
         <run_address>0x2c78</run_address>
         <size>0x54</size>
         <input_file_ref idref="fl-6"/>
      </object_component>
      <object_component id="oc-49b">
         <name>.text:prvCheckTasksWaitingTermination</name>
         <load_address>0x2cd0</load_address>
         <run_address>0x2cd0</run_address>
         <size>0x54</size>
         <input_file_ref idref="fl-f"/>
      </object_component>
      <object_component id="oc-5da">
         <name>.text:prvInsertTimerInActiveList</name>
         <load_address>0x2d28</load_address>
         <run_address>0x2d28</run_address>
         <size>0x54</size>
         <input_file_ref idref="fl-10"/>
      </object_component>
      <object_component id="oc-3b6">
         <name>.text:vTaskDelay</name>
         <load_address>0x2d80</load_address>
         <run_address>0x2d80</run_address>
         <size>0x54</size>
         <input_file_ref idref="fl-f"/>
      </object_component>
      <object_component id="oc-63c">
         <name>.text:_CSGetDividerValue</name>
         <load_address>0x2dd8</load_address>
         <run_address>0x2dd8</run_address>
         <size>0x52</size>
         <input_file_ref idref="fl-28"/>
      </object_component>
      <object_component id="oc-3bd">
         <name>.text:BumpEdgeTrigger_Init</name>
         <load_address>0x2e30</load_address>
         <run_address>0x2e30</run_address>
         <size>0x50</size>
         <input_file_ref idref="fl-5"/>
      </object_component>
      <object_component id="oc-50a">
         <name>.text:PCM_getCoreVoltageLevel</name>
         <load_address>0x2e80</load_address>
         <run_address>0x2e80</run_address>
         <size>0x50</size>
         <input_file_ref idref="fl-2d"/>
      </object_component>
      <object_component id="oc-669">
         <name>.text:_CSGetDOCFrequency</name>
         <load_address>0x2ed0</load_address>
         <run_address>0x2ed0</run_address>
         <size>0x50</size>
         <input_file_ref idref="fl-28"/>
      </object_component>
      <object_component id="oc-48f">
         <name>.text:prvGetExpectedIdleTime</name>
         <load_address>0x2f20</load_address>
         <run_address>0x2f20</run_address>
         <size>0x50</size>
         <input_file_ref idref="fl-f"/>
      </object_component>
      <object_component id="oc-4df">
         <name>.text:dcMotor_Forward</name>
         <load_address>0x2f70</load_address>
         <run_address>0x2f70</run_address>
         <size>0x4c</size>
         <input_file_ref idref="fl-6"/>
      </object_component>
      <object_component id="oc-475">
         <name>.text:prvCheckForValidListAndQueue</name>
         <load_address>0x2fc0</load_address>
         <run_address>0x2fc0</run_address>
         <size>0x4c</size>
         <input_file_ref idref="fl-10"/>
      </object_component>
      <object_component id="oc-2b5">
         <name>.text:xQueueGenericCreate</name>
         <load_address>0x3010</load_address>
         <run_address>0x3010</run_address>
         <size>0x4c</size>
         <input_file_ref idref="fl-d"/>
      </object_component>
      <object_component id="oc-2a9">
         <name>.text:prvConfigureClocks</name>
         <load_address>0x3060</load_address>
         <run_address>0x3060</run_address>
         <size>0x4a</size>
         <input_file_ref idref="fl-26"/>
      </object_component>
      <object_component id="oc-3d1">
         <name>.text:Port1_Init2</name>
         <load_address>0x30b0</load_address>
         <run_address>0x30b0</run_address>
         <size>0x48</size>
         <input_file_ref idref="fl-5"/>
      </object_component>
      <object_component id="oc-3d7">
         <name>.text:Port2_Init2</name>
         <load_address>0x30f8</load_address>
         <run_address>0x30f8</run_address>
         <size>0x48</size>
         <input_file_ref idref="fl-6"/>
      </object_component>
      <object_component id="oc-4cd">
         <name>.text:dcMotor_Backward</name>
         <load_address>0x3140</load_address>
         <run_address>0x3140</run_address>
         <size>0x48</size>
         <input_file_ref idref="fl-6"/>
      </object_component>
      <object_component id="oc-5cd">
         <name>.text:vQueueWaitForMessageRestricted</name>
         <load_address>0x3188</load_address>
         <run_address>0x3188</run_address>
         <size>0x48</size>
         <input_file_ref idref="fl-d"/>
      </object_component>
      <object_component id="oc-3aa">
         <name>.text:ColorLED_Init</name>
         <load_address>0x31d0</load_address>
         <run_address>0x31d0</run_address>
         <size>0x44</size>
         <input_file_ref idref="fl-8"/>
      </object_component>
      <object_component id="oc-1e3">
         <name>.text:__TI_auto_init_nobinit_nopinit:__TI_auto_init_nobinit_nopinit</name>
         <load_address>0x3214</load_address>
         <run_address>0x3214</run_address>
         <size>0x44</size>
         <input_file_ref idref="fl-101"/>
      </object_component>
      <object_component id="oc-607">
         <name>.text:vTaskPlaceOnEventListRestricted</name>
         <load_address>0x3258</load_address>
         <run_address>0x3258</run_address>
         <size>0x40</size>
         <input_file_ref idref="fl-f"/>
      </object_component>
      <object_component id="oc-57a">
         <name>.text:eTaskConfirmSleepModeStatus</name>
         <load_address>0x3298</load_address>
         <run_address>0x3298</run_address>
         <size>0x3c</size>
         <input_file_ref idref="fl-f"/>
      </object_component>
      <object_component id="oc-462">
         <name>.text:vPortEnterCritical</name>
         <load_address>0x32d8</load_address>
         <run_address>0x32d8</run_address>
         <size>0x3c</size>
         <input_file_ref idref="fl-11"/>
      </object_component>
      <object_component id="oc-504">
         <name>.text:PCM_getPowerMode</name>
         <load_address>0x3318</load_address>
         <run_address>0x3318</run_address>
         <size>0x3a</size>
         <input_file_ref idref="fl-2d"/>
      </object_component>
      <object_component id="oc-86">
         <name>.text:_c_int00_noargs:_c_int00_noargs</name>
         <load_address>0x3354</load_address>
         <run_address>0x3354</run_address>
         <size>0x38</size>
         <input_file_ref idref="fl-f6"/>
      </object_component>
      <object_component id="oc-53b">
         <name>.text:prvTaskExitError</name>
         <load_address>0x3390</load_address>
         <run_address>0x3390</run_address>
         <size>0x38</size>
         <input_file_ref idref="fl-11"/>
      </object_component>
      <object_component id="oc-629">
         <name>.text:vTaskPlaceOnEventList</name>
         <load_address>0x33c8</load_address>
         <run_address>0x33c8</run_address>
         <size>0x38</size>
         <input_file_ref idref="fl-f"/>
      </object_component>
      <object_component id="oc-59d">
         <name>.text:vListInsert</name>
         <load_address>0x3400</load_address>
         <run_address>0x3400</run_address>
         <size>0x34</size>
         <input_file_ref idref="fl-c"/>
      </object_component>
      <object_component id="oc-4e">
         <name>.text:vT32_0_Handler</name>
         <load_address>0x3438</load_address>
         <run_address>0x3438</run_address>
         <size>0x34</size>
         <input_file_ref idref="fl-15"/>
      </object_component>
      <object_component id="oc-54">
         <name>.text:vT32_1_Handler</name>
         <load_address>0x3470</load_address>
         <run_address>0x3470</run_address>
         <size>0x34</size>
         <input_file_ref idref="fl-15"/>
      </object_component>
      <object_component id="oc-586">
         <name>.text:vTaskStepTick</name>
         <load_address>0x34a8</load_address>
         <run_address>0x34a8</run_address>
         <size>0x34</size>
         <input_file_ref idref="fl-f"/>
      </object_component>
      <object_component id="oc-338">
         <name>.text:FlashCtl_setWaitState</name>
         <load_address>0x34e0</load_address>
         <run_address>0x34e0</run_address>
         <size>0x30</size>
         <input_file_ref idref="fl-29"/>
      </object_component>
      <object_component id="oc-142">
         <name>.text:prvResetNextTaskUnblockTime</name>
         <load_address>0x3510</load_address>
         <run_address>0x3510</run_address>
         <size>0x30</size>
         <input_file_ref idref="fl-f"/>
      </object_component>
      <object_component id="oc-1c5">
         <name>.text:prvSetupHardware</name>
         <load_address>0x3540</load_address>
         <run_address>0x3540</run_address>
         <size>0x30</size>
         <input_file_ref idref="fl-7"/>
      </object_component>
      <object_component id="oc-46e">
         <name>.text:vPortExitCritical</name>
         <load_address>0x3570</load_address>
         <run_address>0x3570</run_address>
         <size>0x30</size>
         <input_file_ref idref="fl-11"/>
      </object_component>
      <object_component id="oc-33e">
         <name>.text:CS_setDCOCenteredFrequency</name>
         <load_address>0x35a0</load_address>
         <run_address>0x35a0</run_address>
         <size>0x2c</size>
         <input_file_ref idref="fl-28"/>
      </object_component>
      <object_component id="oc-351">
         <name>.text:GPIO_setAsInputPinWithPullUpResistor</name>
         <load_address>0x35d0</load_address>
         <run_address>0x35d0</run_address>
         <size>0x2c</size>
         <input_file_ref idref="fl-2b"/>
      </object_component>
      <object_component id="oc-5cb">
         <name>.text:prvSampleTimeNow</name>
         <load_address>0x3600</load_address>
         <run_address>0x3600</run_address>
         <size>0x2c</size>
         <input_file_ref idref="fl-10"/>
      </object_component>
      <object_component id="oc-45b">
         <name>.text:pxPortInitialiseStack</name>
         <load_address>0x3630</load_address>
         <run_address>0x3630</run_address>
         <size>0x2c</size>
         <input_file_ref idref="fl-11"/>
      </object_component>
      <object_component id="oc-42">
         <name>.text:xPortSysTickHandler</name>
         <load_address>0x3660</load_address>
         <run_address>0x3660</run_address>
         <size>0x2c</size>
         <input_file_ref idref="fl-11"/>
      </object_component>
      <object_component id="oc-196">
         <name>.text:xQueueIsQueueFullFromISR</name>
         <load_address>0x3690</load_address>
         <run_address>0x3690</run_address>
         <size>0x2c</size>
         <input_file_ref idref="fl-d"/>
      </object_component>
      <object_component id="oc-3b0">
         <name>.text:RedLED_Init</name>
         <load_address>0x36c0</load_address>
         <run_address>0x36c0</run_address>
         <size>0x28</size>
         <input_file_ref idref="fl-8"/>
      </object_component>
      <object_component id="oc-26e">
         <name>.text:prvCopyDataFromQueue</name>
         <load_address>0x36e8</load_address>
         <run_address>0x36e8</run_address>
         <size>0x28</size>
         <input_file_ref idref="fl-d"/>
      </object_component>
      <object_component id="oc-2d3">
         <name>.text:taskBlinkRedLED</name>
         <load_address>0x3710</load_address>
         <run_address>0x3710</run_address>
         <size>0x28</size>
         <input_file_ref idref="fl-26"/>
      </object_component>
      <object_component id="oc-148">
         <name>.text:uxListRemove</name>
         <load_address>0x3738</load_address>
         <run_address>0x3738</run_address>
         <size>0x26</size>
         <input_file_ref idref="fl-c"/>
      </object_component>
      <object_component id="oc-648">
         <name>.text:CS_clearInterruptFlag</name>
         <load_address>0x3760</load_address>
         <run_address>0x3760</run_address>
         <size>0x24</size>
         <input_file_ref idref="fl-28"/>
      </object_component>
      <object_component id="oc-4d3">
         <name>.text:dcMotor_Stop</name>
         <load_address>0x3788</load_address>
         <run_address>0x3788</run_address>
         <size>0x24</size>
         <input_file_ref idref="fl-6"/>
      </object_component>
      <object_component id="oc-39d">
         <name>.text:init_song_pwm</name>
         <load_address>0x37b0</load_address>
         <run_address>0x37b0</run_address>
         <size>0x24</size>
         <input_file_ref idref="fl-9"/>
      </object_component>
      <object_component id="oc-55b">
         <name>.text:prvGetNextExpireTime</name>
         <load_address>0x37d8</load_address>
         <run_address>0x37d8</run_address>
         <size>0x24</size>
         <input_file_ref idref="fl-10"/>
      </object_component>
      <object_component id="oc-2a2">
         <name>.text:GPIO_setAsOutputPin</name>
         <load_address>0x3800</load_address>
         <run_address>0x3800</run_address>
         <size>0x20</size>
         <input_file_ref idref="fl-2b"/>
      </object_component>
      <object_component id="oc-1a6">
         <name>.text:prvRecordValue_NormallyEmpty</name>
         <load_address>0x3820</load_address>
         <run_address>0x3820</run_address>
         <size>0x20</size>
         <input_file_ref idref="fl-1e"/>
      </object_component>
      <object_component id="oc-190">
         <name>.text:prvRecordValue_NormallyFull</name>
         <load_address>0x3840</load_address>
         <run_address>0x3840</run_address>
         <size>0x20</size>
         <input_file_ref idref="fl-1e"/>
      </object_component>
      <object_component id="oc-616">
         <name>.text:xTaskGetSchedulerState</name>
         <load_address>0x3860</load_address>
         <run_address>0x3860</run_address>
         <size>0x20</size>
         <input_file_ref idref="fl-f"/>
      </object_component>
      <object_component id="oc-36a">
         <name>.text:prvInitialiseNewQueue</name>
         <load_address>0x3880</load_address>
         <run_address>0x3880</run_address>
         <size>0x1e</size>
         <input_file_ref idref="fl-d"/>
      </object_component>
      <object_component id="oc-65d">
         <name>.text:prvIsQueueFull</name>
         <load_address>0x38a0</load_address>
         <run_address>0x38a0</run_address>
         <size>0x1e</size>
         <input_file_ref idref="fl-d"/>
      </object_component>
      <object_component id="oc-533">
         <name>.text:vListInitialise</name>
         <load_address>0x38c0</load_address>
         <run_address>0x38c0</run_address>
         <size>0x1e</size>
         <input_file_ref idref="fl-c"/>
      </object_component>
      <object_component id="oc-2d9">
         <name>.text:taskBumpSwitch</name>
         <load_address>0x38e0</load_address>
         <run_address>0x38e0</run_address>
         <size>0x1c</size>
         <input_file_ref idref="fl-26"/>
      </object_component>
      <object_component id="oc-2df">
         <name>.text:taskdcMotor</name>
         <load_address>0x3900</load_address>
         <run_address>0x3900</run_address>
         <size>0x1c</size>
         <input_file_ref idref="fl-26"/>
      </object_component>
      <object_component id="oc-4b1">
         <name>.text:delay_ms</name>
         <load_address>0x3920</load_address>
         <run_address>0x3920</run_address>
         <size>0x1a</size>
         <input_file_ref idref="fl-9"/>
      </object_component>
      <object_component id="oc-2af">
         <name>.text:prvConfigureButton</name>
         <load_address>0x3940</load_address>
         <run_address>0x3940</run_address>
         <size>0x1a</size>
         <input_file_ref idref="fl-26"/>
      </object_component>
      <object_component id="oc-623">
         <name>.text:prvIsQueueEmpty</name>
         <load_address>0x3960</load_address>
         <run_address>0x3960</run_address>
         <size>0x1a</size>
         <input_file_ref idref="fl-d"/>
      </object_component>
      <object_component id="oc-47b">
         <name>.text:prvTimerTask</name>
         <load_address>0x3980</load_address>
         <run_address>0x3980</run_address>
         <size>0x1a</size>
         <input_file_ref idref="fl-10"/>
      </object_component>
      <object_component id="oc-572">
         <name>.text:CS_getMCLK</name>
         <load_address>0x39a0</load_address>
         <run_address>0x39a0</run_address>
         <size>0x18</size>
         <input_file_ref idref="fl-28"/>
      </object_component>
      <object_component id="oc-25">
         <name>.text:resetISR</name>
         <load_address>0x39b8</load_address>
         <run_address>0x39b8</run_address>
         <size>0x18</size>
         <input_file_ref idref="fl-32"/>
      </object_component>
      <object_component id="oc-14e">
         <name>.text:vListInsertEnd</name>
         <load_address>0x39d0</load_address>
         <run_address>0x39d0</run_address>
         <size>0x18</size>
         <input_file_ref idref="fl-c"/>
      </object_component>
      <object_component id="oc-62f">
         <name>.text:vTaskInternalSetTimeOutState</name>
         <load_address>0x39e8</load_address>
         <run_address>0x39e8</run_address>
         <size>0x18</size>
         <input_file_ref idref="fl-f"/>
      </object_component>
      <object_component id="oc-357">
         <name>.text:GPIO_enableInterrupt</name>
         <load_address>0x3a00</load_address>
         <run_address>0x3a00</run_address>
         <size>0x14</size>
         <input_file_ref idref="fl-2b"/>
      </object_component>
      <object_component id="oc-29c">
         <name>.text:GPIO_setOutputLowOnPin</name>
         <load_address>0x3a18</load_address>
         <run_address>0x3a18</run_address>
         <size>0x14</size>
         <input_file_ref idref="fl-2b"/>
      </object_component>
      <object_component id="oc-4c3">
         <name>.text:Port2_Output2</name>
         <load_address>0x3a30</load_address>
         <run_address>0x3a30</run_address>
         <size>0x14</size>
         <input_file_ref idref="fl-8"/>
      </object_component>
      <object_component id="oc-595">
         <name>.text:delay_us</name>
         <load_address>0x3a48</load_address>
         <run_address>0x3a48</run_address>
         <size>0x14</size>
         <input_file_ref idref="fl-9"/>
      </object_component>
      <object_component id="oc-1ac">
         <name>.text:prvQueueAccessLogError</name>
         <load_address>0x3a60</load_address>
         <run_address>0x3a60</run_address>
         <size>0x14</size>
         <input_file_ref idref="fl-1e"/>
      </object_component>
      <object_component id="oc-58d">
         <name>.text:prvDeleteTCB</name>
         <load_address>0x3a78</load_address>
         <run_address>0x3a78</run_address>
         <size>0x12</size>
         <input_file_ref idref="fl-f"/>
      </object_component>
      <object_component id="oc-43f">
         <name>.text:vApplicationMallocFailedHook</name>
         <load_address>0x3a90</load_address>
         <run_address>0x3a90</run_address>
         <size>0x12</size>
         <input_file_ref idref="fl-7"/>
      </object_component>
      <object_component id="oc-138">
         <name>.text:vApplicationStackOverflowHook</name>
         <load_address>0x3aa8</load_address>
         <run_address>0x3aa8</run_address>
         <size>0x12</size>
         <input_file_ref idref="fl-7"/>
      </object_component>
      <object_component id="oc-3c3">
         <name>.text:Bump_Read_Input</name>
         <load_address>0x3ac0</load_address>
         <run_address>0x3ac0</run_address>
         <size>0x10</size>
         <input_file_ref idref="fl-5"/>
      </object_component>
      <object_component id="oc-290">
         <name>.text:FPU_enableModule</name>
         <load_address>0x3ad0</load_address>
         <run_address>0x3ad0</run_address>
         <size>0x10</size>
         <input_file_ref idref="fl-2a"/>
      </object_component>
      <object_component id="oc-427">
         <name>.text:vTaskSuspendAll</name>
         <load_address>0x3ae0</load_address>
         <run_address>0x3ae0</run_address>
         <size>0x10</size>
         <input_file_ref idref="fl-f"/>
      </object_component>
      <object_component id="oc-19">
         <name>.text:decompress:none:__TI_decompress_none</name>
         <load_address>0x3af0</load_address>
         <run_address>0x3af0</run_address>
         <size>0xe</size>
         <input_file_ref idref="fl-f4"/>
      </object_component>
      <object_component id="oc-11a">
         <name>.text:main</name>
         <load_address>0x3b00</load_address>
         <run_address>0x3b00</run_address>
         <size>0xe</size>
         <input_file_ref idref="fl-7"/>
      </object_component>
      <object_component id="oc-2cd">
         <name>.text:taskPlaySong</name>
         <load_address>0x3b10</load_address>
         <run_address>0x3b10</run_address>
         <size>0xe</size>
         <input_file_ref idref="fl-26"/>
      </object_component>
      <object_component id="oc-510">
         <name>.text:PCM_getPowerState</name>
         <load_address>0x3b20</load_address>
         <run_address>0x3b20</run_address>
         <size>0xc</size>
         <input_file_ref idref="fl-2d"/>
      </object_component>
      <object_component id="oc-7a">
         <name>.text:decompress:ZI:__TI_zero_init</name>
         <load_address>0x3b2c</load_address>
         <run_address>0x3b2c</run_address>
         <size>0xc</size>
         <input_file_ref idref="fl-f3"/>
      </object_component>
      <object_component id="oc-655">
         <name>.text:vTaskMissedYield</name>
         <load_address>0x3b38</load_address>
         <run_address>0x3b38</run_address>
         <size>0xc</size>
         <input_file_ref idref="fl-f"/>
      </object_component>
      <object_component id="oc-5fb">
         <name>.text:xTaskGetTickCount</name>
         <load_address>0x3b48</load_address>
         <run_address>0x3b48</run_address>
         <size>0xc</size>
         <input_file_ref idref="fl-f"/>
      </object_component>
      <object_component id="oc-34a">
         <name>.text:PCM_setCoreVoltageLevel</name>
         <load_address>0x3b58</load_address>
         <run_address>0x3b58</run_address>
         <size>0x8</size>
         <input_file_ref idref="fl-2d"/>
      </object_component>
      <object_component id="oc-516">
         <name>.text:PCM_setPowerMode</name>
         <load_address>0x3b60</load_address>
         <run_address>0x3b60</run_address>
         <size>0x8</size>
         <input_file_ref idref="fl-2d"/>
      </object_component>
      <object_component id="oc-455">
         <name>.text:vListInitialiseItem</name>
         <load_address>0x3b68</load_address>
         <run_address>0x3b68</run_address>
         <size>0x6</size>
         <input_file_ref idref="fl-c"/>
      </object_component>
      <object_component id="oc-37">
         <name>.text:defaultISR</name>
         <load_address>0x3b70</load_address>
         <run_address>0x3b70</run_address>
         <size>0x2</size>
         <input_file_ref idref="fl-32"/>
      </object_component>
      <object_component id="oc-31">
         <name>.text:faultISR</name>
         <load_address>0x3b78</load_address>
         <run_address>0x3b78</run_address>
         <size>0x2</size>
         <input_file_ref idref="fl-32"/>
      </object_component>
      <object_component id="oc-2b">
         <name>.text:nmiISR</name>
         <load_address>0x3b80</load_address>
         <run_address>0x3b80</run_address>
         <size>0x2</size>
         <input_file_ref idref="fl-32"/>
      </object_component>
      <object_component id="oc-4a1">
         <name>.text:vApplicationIdleHook</name>
         <load_address>0x3b88</load_address>
         <run_address>0x3b88</run_address>
         <size>0x2</size>
         <input_file_ref idref="fl-7"/>
      </object_component>
      <object_component id="oc-154">
         <name>.text:vApplicationTickHook</name>
         <load_address>0x3b90</load_address>
         <run_address>0x3b90</run_address>
         <size>0x2</size>
         <input_file_ref idref="fl-26"/>
      </object_component>
      <object_component id="oc-580">
         <name>.text:vPreSleepProcessing</name>
         <load_address>0x3b98</load_address>
         <run_address>0x3b98</run_address>
         <size>0x2</size>
         <input_file_ref idref="fl-26"/>
      </object_component>
      <object_component id="oc-423">
         <name>.const:g_pulEnRegs</name>
         <load_address>0x3b9c</load_address>
         <run_address>0x3b9c</run_address>
         <size>0x8</size>
         <input_file_ref idref="fl-2c"/>
      </object_component>
      <object_component id="oc-a7">
         <name>.const</name>
         <load_address>0x3ba4</load_address>
         <run_address>0x3ba4</run_address>
         <size>0x8</size>
         <input_file_ref idref="fl-11"/>
      </object_component>
      <object_component id="oc-c7">
         <name>.const</name>
         <load_address>0x3bac</load_address>
         <run_address>0x3bac</run_address>
         <size>0x4</size>
         <input_file_ref idref="fl-1b"/>
      </object_component>
      <object_component id="oc-6b1">
         <name>.cinit..data.load</name>
         <load_address>0x3bb0</load_address>
         <run_address>0x3bb0</run_address>
         <size>0x3d</size>
      </object_component>
      <object_component id="oc-6af">
         <name>__TI_handler_table</name>
         <load_address>0x3bf0</load_address>
         <run_address>0x3bf0</run_address>
         <size>0xc</size>
      </object_component>
      <object_component id="oc-6b2">
         <name>.cinit..bss.load</name>
         <load_address>0x3c00</load_address>
         <run_address>0x3c00</run_address>
         <size>0x8</size>
      </object_component>
      <object_component id="oc-6b0">
         <name>__TI_cinit_table</name>
         <load_address>0x3c08</load_address>
         <run_address>0x3c08</run_address>
         <size>0x10</size>
      </object_component>
      <object_component id="oc-a4">
         <name>.data</name>
         <load_address>0x2000cae8</load_address>
         <run_address>0x2000cae8</run_address>
         <size>0x34</size>
         <input_file_ref idref="fl-f"/>
      </object_component>
      <object_component id="oc-481">
         <name>.data</name>
         <load_address>0x2000cb84</load_address>
         <run_address>0x2000cb84</run_address>
         <size>0xc</size>
         <input_file_ref idref="fl-10"/>
      </object_component>
      <object_component id="oc-251">
         <name>.data</name>
         <load_address>0x2000cb4c</load_address>
         <run_address>0x2000cb4c</run_address>
         <size>0x18</size>
         <input_file_ref idref="fl-11"/>
      </object_component>
      <object_component id="oc-445">
         <name>.data</name>
         <load_address>0x2000cb64</load_address>
         <run_address>0x2000cb64</run_address>
         <size>0x10</size>
         <input_file_ref idref="fl-13"/>
      </object_component>
      <object_component id="oc-c4">
         <name>.data</name>
         <load_address>0x2000cb74</load_address>
         <run_address>0x2000cb74</run_address>
         <size>0x10</size>
         <input_file_ref idref="fl-1b"/>
      </object_component>
      <object_component id="oc-19c">
         <name>.data</name>
         <load_address>0x2000caac</load_address>
         <run_address>0x2000caac</run_address>
         <size>0x3c</size>
         <input_file_ref idref="fl-1e"/>
      </object_component>
      <object_component id="oc-282">
         <name>.data:ucNormallyEmptyReceivedValues</name>
         <load_address>0x2000c91c</load_address>
         <run_address>0x2000c91c</run_address>
         <size>0xc8</size>
         <input_file_ref idref="fl-1e"/>
      </object_component>
      <object_component id="oc-275">
         <name>.data:ucNormallyFullReceivedValues</name>
         <load_address>0x2000c9e4</load_address>
         <run_address>0x2000c9e4</run_address>
         <size>0xc8</size>
         <input_file_ref idref="fl-1e"/>
      </object_component>
      <object_component id="oc-2c7">
         <name>.data</name>
         <load_address>0x2000cb90</load_address>
         <run_address>0x2000cb90</run_address>
         <size>0x8</size>
         <input_file_ref idref="fl-26"/>
      </object_component>
      <object_component id="oc-332">
         <name>.data:GPIO_PORT_TO_BASE</name>
         <load_address>0x2000cb1c</load_address>
         <run_address>0x2000cb1c</run_address>
         <size>0x30</size>
         <input_file_ref idref="fl-2b"/>
      </object_component>
      <object_component id="oc-13e">
         <name>.bss:pxReadyTasksLists</name>
         <uninitialized>true</uninitialized>
         <run_address>0x2000c800</run_address>
         <size>0x64</size>
         <input_file_ref idref="fl-f"/>
      </object_component>
      <object_component id="oc-543">
         <name>.bss:xDelayedTaskList1</name>
         <uninitialized>true</uninitialized>
         <run_address>0x2000c88c</run_address>
         <size>0x14</size>
         <input_file_ref idref="fl-f"/>
      </object_component>
      <object_component id="oc-546">
         <name>.bss:xDelayedTaskList2</name>
         <uninitialized>true</uninitialized>
         <run_address>0x2000c8a0</run_address>
         <size>0x14</size>
         <input_file_ref idref="fl-f"/>
      </object_component>
      <object_component id="oc-15a">
         <name>.bss</name>
         <uninitialized>true</uninitialized>
         <run_address>0x2000c900</run_address>
         <size>0x8</size>
         <input_file_ref idref="fl-f"/>
      </object_component>
      <object_component id="oc-177">
         <name>.bss:xPendingReadyList</name>
         <uninitialized>true</uninitialized>
         <run_address>0x2000c8b4</run_address>
         <size>0x14</size>
         <input_file_ref idref="fl-f"/>
      </object_component>
      <object_component id="oc-549">
         <name>.bss:xTasksWaitingTermination</name>
         <uninitialized>true</uninitialized>
         <run_address>0x2000c8dc</run_address>
         <size>0x14</size>
         <input_file_ref idref="fl-f"/>
      </object_component>
      <object_component id="oc-54c">
         <name>.bss:xSuspendedTaskList</name>
         <uninitialized>true</uninitialized>
         <run_address>0x2000c8c8</run_address>
         <size>0x14</size>
         <input_file_ref idref="fl-f"/>
      </object_component>
      <object_component id="oc-551">
         <name>.bss:xActiveTimerList1</name>
         <uninitialized>true</uninitialized>
         <run_address>0x2000c864</run_address>
         <size>0x14</size>
         <input_file_ref idref="fl-10"/>
      </object_component>
      <object_component id="oc-554">
         <name>.bss:xActiveTimerList2</name>
         <uninitialized>true</uninitialized>
         <run_address>0x2000c878</run_address>
         <size>0x14</size>
         <input_file_ref idref="fl-10"/>
      </object_component>
      <object_component id="oc-557">
         <name>.bss</name>
         <uninitialized>true</uninitialized>
         <run_address>0x2000c908</run_address>
         <size>0x8</size>
         <input_file_ref idref="fl-10"/>
      </object_component>
      <object_component id="oc-521">
         <name>.bss:ucHeap</name>
         <uninitialized>true</uninitialized>
         <run_address>0x20000000</run_address>
         <size>0xc800</size>
         <input_file_ref idref="fl-13"/>
      </object_component>
      <object_component id="oc-448">
         <name>.bss:xStart</name>
         <uninitialized>true</uninitialized>
         <run_address>0x2000c910</run_address>
         <size>0x8</size>
         <input_file_ref idref="fl-13"/>
      </object_component>
      <object_component id="oc-1a2">
         <name>.bss</name>
         <uninitialized>true</uninitialized>
         <run_address>0x2000c8f0</run_address>
         <size>0x8</size>
         <input_file_ref idref="fl-1e"/>
      </object_component>
      <object_component id="oc-64e">
         <name>.bss</name>
         <uninitialized>true</uninitialized>
         <run_address>0x2000c8f8</run_address>
         <size>0x8</size>
         <input_file_ref idref="fl-28"/>
      </object_component>
      <object_component id="oc-3cf">
         <name>.common:bumpSwitch_status</name>
         <uninitialized>true</uninitialized>
         <run_address>0x2000c918</run_address>
         <size>0x1</size>
      </object_component>
      <object_component id="oc-22">
         <name>.stack</name>
         <uninitialized>true</uninitialized>
         <run_address>0x2000fce0</run_address>
         <size>0x4</size>
         <input_file_ref idref="fl-f6"/>
      </object_component>
      <object_component id="oc-6b3">
         <name>.stack</name>
         <uninitialized>true</uninitialized>
         <run_address>0x2000fce0</run_address>
         <size>0x0</size>
      </object_component>
      <object_component id="oc-1b4">
         <name>.debug_info</name>
         <load_address>0x0</load_address>
         <run_address>0x0</run_address>
         <size>0x554</size>
         <input_file_ref idref="fl-2"/>
      </object_component>
      <object_component id="oc-28b">
         <name>.debug_info</name>
         <load_address>0x554</load_address>
         <run_address>0x554</run_address>
         <size>0x37e2</size>
         <input_file_ref idref="fl-2"/>
      </object_component>
      <object_component id="oc-f4">
         <name>.debug_info</name>
         <load_address>0x3d36</load_address>
         <run_address>0x3d36</run_address>
         <size>0x26b</size>
         <input_file_ref idref="fl-2"/>
      </object_component>
      <object_component id="oc-ef">
         <name>.debug_info</name>
         <load_address>0x3fa1</load_address>
         <run_address>0x3fa1</run_address>
         <size>0x1055</size>
         <input_file_ref idref="fl-2"/>
      </object_component>
      <object_component id="oc-63">
         <name>.debug_info</name>
         <load_address>0x4ff6</load_address>
         <run_address>0x4ff6</run_address>
         <size>0x84</size>
         <input_file_ref idref="fl-2"/>
      </object_component>
      <object_component id="oc-185">
         <name>.debug_info</name>
         <load_address>0x507a</load_address>
         <run_address>0x507a</run_address>
         <size>0x297</size>
         <input_file_ref idref="fl-2"/>
      </object_component>
      <object_component id="oc-d5">
         <name>.debug_info</name>
         <load_address>0x5311</load_address>
         <run_address>0x5311</run_address>
         <size>0xef</size>
         <input_file_ref idref="fl-2"/>
      </object_component>
      <object_component id="oc-d0">
         <name>.debug_info</name>
         <load_address>0x5400</load_address>
         <run_address>0x5400</run_address>
         <size>0xbb</size>
         <input_file_ref idref="fl-2"/>
      </object_component>
      <object_component id="oc-1b3">
         <name>.debug_info</name>
         <load_address>0x54bb</load_address>
         <run_address>0x54bb</run_address>
         <size>0x556</size>
         <input_file_ref idref="fl-4"/>
      </object_component>
      <object_component id="oc-ea">
         <name>.debug_info</name>
         <load_address>0x5a11</load_address>
         <run_address>0x5a11</run_address>
         <size>0x37e2</size>
         <input_file_ref idref="fl-4"/>
      </object_component>
      <object_component id="oc-3d4">
         <name>.debug_info</name>
         <load_address>0x91f3</load_address>
         <run_address>0x91f3</run_address>
         <size>0x13e</size>
         <input_file_ref idref="fl-5"/>
      </object_component>
      <object_component id="oc-3c5">
         <name>.debug_info</name>
         <load_address>0x9331</load_address>
         <run_address>0x9331</run_address>
         <size>0x14a</size>
         <input_file_ref idref="fl-5"/>
      </object_component>
      <object_component id="oc-3be">
         <name>.debug_info</name>
         <load_address>0x947b</load_address>
         <run_address>0x947b</run_address>
         <size>0x150</size>
         <input_file_ref idref="fl-5"/>
      </object_component>
      <object_component id="oc-307">
         <name>.debug_info</name>
         <load_address>0x95cb</load_address>
         <run_address>0x95cb</run_address>
         <size>0x625</size>
         <input_file_ref idref="fl-6"/>
      </object_component>
      <object_component id="oc-4ce">
         <name>.debug_info</name>
         <load_address>0x9bf0</load_address>
         <run_address>0x9bf0</run_address>
         <size>0x1a7</size>
         <input_file_ref idref="fl-6"/>
      </object_component>
      <object_component id="oc-4d4">
         <name>.debug_info</name>
         <load_address>0x9d97</load_address>
         <run_address>0x9d97</run_address>
         <size>0x156</size>
         <input_file_ref idref="fl-6"/>
      </object_component>
      <object_component id="oc-4da">
         <name>.debug_info</name>
         <load_address>0x9eed</load_address>
         <run_address>0x9eed</run_address>
         <size>0x1a1</size>
         <input_file_ref idref="fl-6"/>
      </object_component>
      <object_component id="oc-4e0">
         <name>.debug_info</name>
         <load_address>0xa08e</load_address>
         <run_address>0xa08e</run_address>
         <size>0x1a5</size>
         <input_file_ref idref="fl-6"/>
      </object_component>
      <object_component id="oc-4e6">
         <name>.debug_info</name>
         <load_address>0xa233</load_address>
         <run_address>0xa233</run_address>
         <size>0x19f</size>
         <input_file_ref idref="fl-6"/>
      </object_component>
      <object_component id="oc-3de">
         <name>.debug_info</name>
         <load_address>0xa3d2</load_address>
         <run_address>0xa3d2</run_address>
         <size>0x3b4</size>
         <input_file_ref idref="fl-6"/>
      </object_component>
      <object_component id="oc-3d8">
         <name>.debug_info</name>
         <load_address>0xa786</load_address>
         <run_address>0xa786</run_address>
         <size>0x135</size>
         <input_file_ref idref="fl-6"/>
      </object_component>
      <object_component id="oc-681">
         <name>.debug_info</name>
         <load_address>0xa8bb</load_address>
         <run_address>0xa8bb</run_address>
         <size>0x1b5</size>
         <input_file_ref idref="fl-6"/>
      </object_component>
      <object_component id="oc-241">
         <name>.debug_info</name>
         <load_address>0xaa70</load_address>
         <run_address>0xaa70</run_address>
         <size>0x461</size>
         <input_file_ref idref="fl-6"/>
      </object_component>
      <object_component id="oc-230">
         <name>.debug_info</name>
         <load_address>0xaed1</load_address>
         <run_address>0xaed1</run_address>
         <size>0x2c</size>
         <input_file_ref idref="fl-6"/>
      </object_component>
      <object_component id="oc-23c">
         <name>.debug_info</name>
         <load_address>0xaefd</load_address>
         <run_address>0xaefd</run_address>
         <size>0x53</size>
         <input_file_ref idref="fl-6"/>
      </object_component>
      <object_component id="oc-cb">
         <name>.debug_info</name>
         <load_address>0xaf50</load_address>
         <run_address>0xaf50</run_address>
         <size>0x53</size>
         <input_file_ref idref="fl-6"/>
      </object_component>
      <object_component id="oc-269">
         <name>.debug_info</name>
         <load_address>0xafa3</load_address>
         <run_address>0xafa3</run_address>
         <size>0xee</size>
         <input_file_ref idref="fl-6"/>
      </object_component>
      <object_component id="oc-247">
         <name>.debug_info</name>
         <load_address>0xb091</load_address>
         <run_address>0xb091</run_address>
         <size>0x818</size>
         <input_file_ref idref="fl-7"/>
      </object_component>
      <object_component id="oc-139">
         <name>.debug_info</name>
         <load_address>0xb8a9</load_address>
         <run_address>0xb8a9</run_address>
         <size>0x17c</size>
         <input_file_ref idref="fl-7"/>
      </object_component>
      <object_component id="oc-440">
         <name>.debug_info</name>
         <load_address>0xba25</load_address>
         <run_address>0xba25</run_address>
         <size>0x143</size>
         <input_file_ref idref="fl-7"/>
      </object_component>
      <object_component id="oc-4a2">
         <name>.debug_info</name>
         <load_address>0xbb68</load_address>
         <run_address>0xbb68</run_address>
         <size>0x13e</size>
         <input_file_ref idref="fl-7"/>
      </object_component>
      <object_component id="oc-1c6">
         <name>.debug_info</name>
         <load_address>0xbca6</load_address>
         <run_address>0xbca6</run_address>
         <size>0x1bb</size>
         <input_file_ref idref="fl-7"/>
      </object_component>
      <object_component id="oc-11b">
         <name>.debug_info</name>
         <load_address>0xbe61</load_address>
         <run_address>0xbe61</run_address>
         <size>0x14b</size>
         <input_file_ref idref="fl-7"/>
      </object_component>
      <object_component id="oc-237">
         <name>.debug_info</name>
         <load_address>0xbfac</load_address>
         <run_address>0xbfac</run_address>
         <size>0x315</size>
         <input_file_ref idref="fl-7"/>
      </object_component>
      <object_component id="oc-30f">
         <name>.debug_info</name>
         <load_address>0xc2c1</load_address>
         <run_address>0xc2c1</run_address>
         <size>0x461</size>
         <input_file_ref idref="fl-7"/>
      </object_component>
      <object_component id="oc-1d2">
         <name>.debug_info</name>
         <load_address>0xc722</load_address>
         <run_address>0xc722</run_address>
         <size>0x8b</size>
         <input_file_ref idref="fl-7"/>
      </object_component>
      <object_component id="oc-30a">
         <name>.debug_info</name>
         <load_address>0xc7ad</load_address>
         <run_address>0xc7ad</run_address>
         <size>0xcc</size>
         <input_file_ref idref="fl-7"/>
      </object_component>
      <object_component id="oc-226">
         <name>.debug_info</name>
         <load_address>0xc879</load_address>
         <run_address>0xc879</run_address>
         <size>0x14c</size>
         <input_file_ref idref="fl-7"/>
      </object_component>
      <object_component id="oc-4ca">
         <name>.debug_info</name>
         <load_address>0xc9c5</load_address>
         <run_address>0xc9c5</run_address>
         <size>0x62c</size>
         <input_file_ref idref="fl-8"/>
      </object_component>
      <object_component id="oc-4c5">
         <name>.debug_info</name>
         <load_address>0xcff1</load_address>
         <run_address>0xcff1</run_address>
         <size>0x161</size>
         <input_file_ref idref="fl-8"/>
      </object_component>
      <object_component id="oc-3ca">
         <name>.debug_info</name>
         <load_address>0xd152</load_address>
         <run_address>0xd152</run_address>
         <size>0x25e</size>
         <input_file_ref idref="fl-8"/>
      </object_component>
      <object_component id="oc-3b1">
         <name>.debug_info</name>
         <load_address>0xd3b0</load_address>
         <run_address>0xd3b0</run_address>
         <size>0x13b</size>
         <input_file_ref idref="fl-8"/>
      </object_component>
      <object_component id="oc-3ab">
         <name>.debug_info</name>
         <load_address>0xd4eb</load_address>
         <run_address>0xd4eb</run_address>
         <size>0x13f</size>
         <input_file_ref idref="fl-8"/>
      </object_component>
      <object_component id="oc-4ac">
         <name>.debug_info</name>
         <load_address>0xd62a</load_address>
         <run_address>0xd62a</run_address>
         <size>0x1da</size>
         <input_file_ref idref="fl-9"/>
      </object_component>
      <object_component id="oc-3a4">
         <name>.debug_info</name>
         <load_address>0xd804</load_address>
         <run_address>0xd804</run_address>
         <size>0x473</size>
         <input_file_ref idref="fl-9"/>
      </object_component>
      <object_component id="oc-39e">
         <name>.debug_info</name>
         <load_address>0xdc77</load_address>
         <run_address>0xdc77</run_address>
         <size>0x13c</size>
         <input_file_ref idref="fl-9"/>
      </object_component>
      <object_component id="oc-596">
         <name>.debug_info</name>
         <load_address>0xddb3</load_address>
         <run_address>0xddb3</run_address>
         <size>0x157</size>
         <input_file_ref idref="fl-9"/>
      </object_component>
      <object_component id="oc-4b2">
         <name>.debug_info</name>
         <load_address>0xdf0a</load_address>
         <run_address>0xdf0a</run_address>
         <size>0x157</size>
         <input_file_ref idref="fl-9"/>
      </object_component>
      <object_component id="oc-306">
         <name>.debug_info</name>
         <load_address>0xe061</load_address>
         <run_address>0xe061</run_address>
         <size>0xa35</size>
         <input_file_ref idref="fl-b"/>
      </object_component>
      <object_component id="oc-21c">
         <name>.debug_info</name>
         <load_address>0xea96</load_address>
         <run_address>0xea96</run_address>
         <size>0x110</size>
         <input_file_ref idref="fl-b"/>
      </object_component>
      <object_component id="oc-22b">
         <name>.debug_info</name>
         <load_address>0xeba6</load_address>
         <run_address>0xeba6</run_address>
         <size>0x461</size>
         <input_file_ref idref="fl-b"/>
      </object_component>
      <object_component id="oc-407">
         <name>.debug_info</name>
         <load_address>0xf007</load_address>
         <run_address>0xf007</run_address>
         <size>0x76</size>
         <input_file_ref idref="fl-b"/>
      </object_component>
      <object_component id="oc-40c">
[...]
         <object_component_ref idref="oc-4d9"/>
      </symbol>
      <symbol id="sm-f5">
         <name>dcMotor_Stop</name>
         <value>0x3789</value>
         <object_component_ref idref="oc-4d3"/>
      </symbol>
      <symbol id="sm-f6">
         <name>dcMotor_Backward</name>
         <value>0x3141</value>
         <object_component_ref idref="oc-4cd"/>
      </symbol>
      <symbol id="sm-f7">
         <name>dcMotor_response</name>
         <value>0x1489</value>
         <object_component_ref idref="oc-3dd"/>
      </symbol>
      <symbol id="sm-142">
         <name>vApplicationStackOverflowHook</name>
         <value>0x3aa9</value>
         <object_component_ref idref="oc-138"/>
      </symbol>
      <symbol id="sm-143">
         <name>vApplicationIdleHook</name>
         <value>0x3b89</value>
         <object_component_ref idref="oc-4a1"/>
      </symbol>
      <symbol id="sm-144">
         <name>main</name>
         <value>0x3b01</value>
         <object_component_ref idref="oc-11a"/>
      </symbol>
      <symbol id="sm-145">
         <name>vApplicationMallocFailedHook</name>
         <value>0x3a91</value>
         <object_component_ref idref="oc-43f"/>
      </symbol>
      <symbol id="sm-179">
         <name>Port2_Output2</name>
         <value>0x3a31</value>
         <object_component_ref idref="oc-4c3"/>
      </symbol>
      <symbol id="sm-17a">
         <name>RedLED_Init</name>
         <value>0x36c1</value>
         <object_component_ref idref="oc-3b0"/>
      </symbol>
      <symbol id="sm-17b">
         <name>ColorLED_Init</name>
         <value>0x31d1</value>
         <object_component_ref idref="oc-3aa"/>
      </symbol>
      <symbol id="sm-17c">
         <name>outputLED_response</name>
         <value>0x2711</value>
         <object_component_ref idref="oc-3c9"/>
      </symbol>
      <symbol id="sm-1b2">
         <name>delay_us</name>
         <value>0x3a49</value>
         <object_component_ref idref="oc-595"/>
      </symbol>
      <symbol id="sm-1b3">
         <name>play_song</name>
         <value>0x149</value>
         <object_component_ref idref="oc-3a3"/>
      </symbol>
      <symbol id="sm-1b4">
         <name>beep</name>
         <value>0x2bc9</value>
         <object_component_ref idref="oc-4ab"/>
      </symbol>
      <symbol id="sm-1b5">
         <name>init_song_pwm</name>
         <value>0x37b1</value>
         <object_component_ref idref="oc-39d"/>
      </symbol>
      <symbol id="sm-1b6">
         <name>delay_ms</name>
         <value>0x3921</value>
         <object_component_ref idref="oc-4b1"/>
      </symbol>
      <symbol id="sm-205">
         <name>uxListRemove</name>
         <value>0x3739</value>
         <object_component_ref idref="oc-148"/>
      </symbol>
      <symbol id="sm-206">
         <name>vListInsert</name>
         <value>0x3401</value>
         <object_component_ref idref="oc-59d"/>
      </symbol>
      <symbol id="sm-207">
         <name>vListInitialiseItem</name>
         <value>0x3b69</value>
         <object_component_ref idref="oc-455"/>
      </symbol>
      <symbol id="sm-208">
         <name>vListInsertEnd</name>
         <value>0x39d1</value>
         <object_component_ref idref="oc-14e"/>
      </symbol>
      <symbol id="sm-209">
         <name>vListInitialise</name>
         <value>0x38c1</value>
         <object_component_ref idref="oc-533"/>
      </symbol>
      <symbol id="sm-2f8">
         <name>xQueueGenericSendFromISR</name>
         <value>0x18f1</value>
         <object_component_ref idref="oc-b8"/>
      </symbol>
      <symbol id="sm-2f9">
         <name>xQueueIsQueueFullFromISR</name>
         <value>0x3691</value>
         <object_component_ref idref="oc-196"/>
      </symbol>
      <symbol id="sm-2fa">
         <name>xQueueGenericCreate</name>
         <value>0x3011</value>
         <object_component_ref idref="oc-2b5"/>
      </symbol>
      <symbol id="sm-2fb">
         <name>xQueueGenericSend</name>
         <value>0x611</value>
         <object_component_ref idref="oc-61c"/>
      </symbol>
      <symbol id="sm-2fc">
         <name>xQueueGenericReset</name>
         <value>0x2149</value>
         <object_component_ref idref="oc-44d"/>
      </symbol>
      <symbol id="sm-2fd">
         <name>xQueueReceiveFromISR</name>
         <value>0x1e39</value>
         <object_component_ref idref="oc-18a"/>
      </symbol>
      <symbol id="sm-2fe">
         <name>vQueueWaitForMessageRestricted</name>
         <value>0x3189</value>
         <object_component_ref idref="oc-5cd"/>
      </symbol>
      <symbol id="sm-2ff">
         <name>xQueueReceive</name>
         <value>0x7a9</value>
         <object_component_ref idref="oc-5e6"/>
      </symbol>
      <symbol id="sm-54c">
         <name>vTaskDelay</name>
         <value>0x2d81</value>
         <object_component_ref idref="oc-3b6"/>
      </symbol>
      <symbol id="sm-54d">
         <name>vTaskSuspendAll</name>
         <value>0x3ae1</value>
         <object_component_ref idref="oc-427"/>
      </symbol>
      <symbol id="sm-54e">
         <name>vTaskPlaceOnEventList</name>
         <value>0x33c9</value>
         <object_component_ref idref="oc-629"/>
      </symbol>
      <symbol id="sm-54f">
         <name>xTaskCheckForTimeOut</name>
         <value>0x20b1</value>
         <object_component_ref idref="oc-635"/>
      </symbol>
      <symbol id="sm-550">
         <name>xTaskPriorityDisinherit</name>
         <value>0x19c1</value>
         <object_component_ref idref="oc-255"/>
      </symbol>
      <symbol id="sm-551">
         <name>vTaskStartScheduler</name>
         <value>0x2261</value>
         <object_component_ref idref="oc-2c1"/>
      </symbol>
      <symbol id="sm-552">
         <name>vTaskInternalSetTimeOutState</name>
         <value>0x39e9</value>
         <object_component_ref idref="oc-62f"/>
      </symbol>
      <symbol id="sm-553">
         <name>xTaskCreate</name>
         <value>0x2991</value>
         <object_component_ref idref="oc-2bb"/>
      </symbol>
      <symbol id="sm-554">
         <name>vTaskMissedYield</name>
         <value>0x3b39</value>
         <object_component_ref idref="oc-655"/>
      </symbol>
      <symbol id="sm-555">
         <name>vTaskStepTick</name>
         <value>0x34a9</value>
         <object_component_ref idref="oc-586"/>
      </symbol>
      <symbol id="sm-556">
         <name>xTaskResumeAll</name>
         <value>0x1171</value>
         <object_component_ref idref="oc-439"/>
      </symbol>
      <symbol id="sm-557">
         <name>xTaskGetTickCount</name>
         <value>0x3b49</value>
         <object_component_ref idref="oc-5fb"/>
      </symbol>
      <symbol id="sm-558">
         <name>pxCurrentTCB</name>
         <value>0x2000cae8</value>
         <object_component_ref idref="oc-a4"/>
      </symbol>
      <symbol id="sm-559">
         <name>vTaskNotifyGiveFromISR</name>
         <value>0x1589</value>
         <object_component_ref idref="oc-be"/>
      </symbol>
      <symbol id="sm-55a">
         <name>vTaskPlaceOnEventListRestricted</name>
         <value>0x3259</value>
         <object_component_ref idref="oc-607"/>
      </symbol>
      <symbol id="sm-55b">
         <name>xTaskIncrementTick</name>
         <value>0xa59</value>
         <object_component_ref idref="oc-b1"/>
      </symbol>
      <symbol id="sm-55c">
         <name>vTaskSwitchContext</name>
         <value>0x1c11</value>
         <object_component_ref idref="oc-aa"/>
      </symbol>
      <symbol id="sm-55d">
         <name>xTaskGetSchedulerState</name>
         <value>0x3861</value>
         <object_component_ref idref="oc-616"/>
      </symbol>
      <symbol id="sm-55e">
         <name>xTaskRemoveFromEventList</name>
         <value>0x1f79</value>
         <object_component_ref idref="oc-16a"/>
      </symbol>
      <symbol id="sm-55f">
         <name>eTaskConfirmSleepModeStatus</name>
         <value>0x3299</value>
         <object_component_ref idref="oc-57a"/>
      </symbol>
      <symbol id="sm-640">
         <name>xTimerCreateTimerTask</name>
         <value>0x2ac1</value>
         <object_component_ref idref="oc-384"/>
      </symbol>
      <symbol id="sm-641">
         <name>xTimerGenericCommand</name>
         <value>0x24d9</value>
         <object_component_ref idref="oc-5e0"/>
      </symbol>
      <symbol id="sm-6e8">
         <name>ulMaxSyscallInterruptPriority</name>
         <value>0x3ba4</value>
         <object_component_ref idref="oc-a7"/>
      </symbol>
      <symbol id="sm-6e9">
         <name>vPortSetupTimerInterrupt</name>
         <value>0x2929</value>
         <object_component_ref idref="oc-488"/>
      </symbol>
      <symbol id="sm-6ea">
         <name>vPortSuppressTicksAndSleep</name>
         <value>0xba1</value>
         <object_component_ref idref="oc-495"/>
      </symbol>
      <symbol id="sm-6eb">
         <name>xPortSysTickHandler</name>
         <value>0x3661</value>
         <object_component_ref idref="oc-42"/>
      </symbol>
      <symbol id="sm-6ec">
         <name>vPortValidateInterruptPriority</name>
         <value>0x29f9</value>
         <object_component_ref idref="oc-15e"/>
      </symbol>
      <symbol id="sm-6ed">
         <name>pxPortInitialiseStack</name>
         <value>0x3631</value>
         <object_component_ref idref="oc-45b"/>
      </symbol>
      <symbol id="sm-6ee">
         <name>vPortExitCritical</name>
         <value>0x3571</value>
         <object_component_ref idref="oc-46e"/>
      </symbol>
      <symbol id="sm-6ef">
         <name>xPortStartScheduler</name>
         <value>0x1669</value>
         <object_component_ref idref="oc-38a"/>
      </symbol>
      <symbol id="sm-6f0">
         <name>vPortEnterCritical</name>
         <value>0x32d9</value>
         <object_component_ref idref="oc-462"/>
      </symbol>
      <symbol id="sm-6ff">
         <name>vPortStartFirstTask</name>
         <value>0x17ed</value>
         <object_component_ref idref="oc-3d"/>
      </symbol>
      <symbol id="sm-700">
         <name>ulPortGetIPSR</name>
         <value>0x1755</value>
         <object_component_ref idref="oc-3d"/>
      </symbol>
      <symbol id="sm-701">
         <name>vPortEnableVFP</name>
         <value>0x1811</value>
         <object_component_ref idref="oc-3d"/>
      </symbol>
      <symbol id="sm-702">
         <name>xPortPendSVHandler</name>
         <value>0x176d</value>
         <object_component_ref idref="oc-3d"/>
      </symbol>
      <symbol id="sm-703">
         <name>vPortSVCHandler</name>
         <value>0x17cd</value>
         <object_component_ref idref="oc-3d"/>
      </symbol>
      <symbol id="sm-778">
         <name>pvPortMalloc</name>
         <value>0xe09</value>
         <object_component_ref idref="oc-364"/>
      </symbol>
      <symbol id="sm-779">
         <name>vPortFree</name>
         <value>0x2369</value>
         <object_component_ref idref="oc-371"/>
      </symbol>
      <symbol id="sm-796">
         <name>vT32_1_Handler</name>
         <value>0x3471</value>
         <object_component_ref idref="oc-54"/>
      </symbol>
      <symbol id="sm-797">
         <name>vT32_0_Handler</name>
         <value>0x3439</value>
         <object_component_ref idref="oc-4e"/>
      </symbol>
      <symbol id="sm-7ca">
         <name>vUART_Handler</name>
         <value>0x1d81</value>
         <object_component_ref idref="oc-48"/>
      </symbol>
      <symbol id="sm-868">
         <name>xFirstTimerHandler</name>
         <value>0xcd9</value>
         <object_component_ref idref="oc-da"/>
      </symbol>
      <symbol id="sm-869">
         <name>xSecondTimerHandler</name>
         <value>0x451</value>
         <object_component_ref idref="oc-e1"/>
      </symbol>
      <symbol id="sm-8e8">
         <name>bumpSwitch_status</name>
         <value>0x2000c918</value>
      </symbol>
      <symbol id="sm-8e9">
         <name>vPreSleepProcessing</name>
         <value>0x3b99</value>
         <object_component_ref idref="oc-580"/>
      </symbol>
      <symbol id="sm-8ea">
         <name>main_blinky</name>
         <value>0x1b51</value>
         <object_component_ref idref="oc-1cb"/>
      </symbol>
      <symbol id="sm-8eb">
         <name>vApplicationTickHook</name>
         <value>0x3b91</value>
         <object_component_ref idref="oc-154"/>
      </symbol>
      <symbol id="sm-99b">
         <name>CS_getMCLK</name>
         <value>0x39a1</value>
         <object_component_ref idref="oc-572"/>
      </symbol>
      <symbol id="sm-99c">
         <name>CS_clearInterruptFlag</name>
         <value>0x3761</value>
         <object_component_ref idref="oc-648"/>
      </symbol>
      <symbol id="sm-99d">
         <name>CS_getDCOFrequency</name>
         <value>0x911</value>
         <object_component_ref idref="oc-642"/>
      </symbol>
      <symbol id="sm-99e">
         <name>CS_setDCOCenteredFrequency</name>
         <value>0x35a1</value>
         <object_component_ref idref="oc-33e"/>
      </symbol>
      <symbol id="sm-99f">
         <name>CS_initClockSignal</name>
         <value>0xf39</value>
         <object_component_ref idref="oc-344"/>
      </symbol>
      <symbol id="sm-9ae">
         <name>FlashCtl_setWaitState</name>
         <value>0x34e1</value>
         <object_component_ref idref="oc-338"/>
      </symbol>
      <symbol id="sm-9ba">
         <name>FPU_enableModule</name>
         <value>0x3ad1</value>
         <object_component_ref idref="oc-290"/>
      </symbol>
      <symbol id="sm-9fb">
         <name>GPIO_setAsInputPinWithPullUpResistor</name>
         <value>0x35d1</value>
         <object_component_ref idref="oc-351"/>
      </symbol>
      <symbol id="sm-9fc">
         <name>GPIO_enableInterrupt</name>
         <value>0x3a01</value>
         <object_component_ref idref="oc-357"/>
      </symbol>
      <symbol id="sm-9fd">
         <name>GPIO_setAsOutputPin</name>
         <value>0x3801</value>
         <object_component_ref idref="oc-2a2"/>
      </symbol>
      <symbol id="sm-9fe">
         <name>GPIO_setOutputLowOnPin</name>
         <value>0x3a19</value>
         <object_component_ref idref="oc-29c"/>
      </symbol>
      <symbol id="sm-9ff">
         <name>GPIO_setAsPeripheralModuleFunctionInputPin</name>
         <value>0x2b19</value>
         <object_component_ref idref="oc-296"/>
      </symbol>
      <symbol id="sm-a1c">
         <name>Interrupt_enableInterrupt</name>
         <value>0x2461</value>
         <object_component_ref idref="oc-35d"/>
      </symbol>
      <symbol id="sm-a89">
         <name>PCM_setCoreVoltageLevel</name>
         <value>0x3b59</value>
         <object_component_ref idref="oc-34a"/>
      </symbol>
      <symbol id="sm-a8a">
         <name>PCM_getCoreVoltageLevel</name>
         <value>0x2e81</value>
         <object_component_ref idref="oc-50a"/>
      </symbol>
      <symbol id="sm-a8b">
         <name>PCM_getPowerMode</name>
         <value>0x3319</value>
         <object_component_ref idref="oc-504"/>
      </symbol>
      <symbol id="sm-a8c">
         <name>PCM_getPowerState</name>
         <value>0x3b21</value>
         <object_component_ref idref="oc-510"/>
      </symbol>
      <symbol id="sm-a8d">
         <name>PCM_setPowerMode</name>
         <value>0x3b61</value>
         <object_component_ref idref="oc-516"/>
      </symbol>
      <symbol id="sm-aa3">
         <name>SysCtl_getTLVInfo</name>
         <value>0x2b71</value>
         <object_component_ref idref="oc-66f"/>
      </symbol>
      <symbol id="sm-ada">
         <name>interruptVectors</name>
         <value>0x0</value>
         <object_component_ref idref="oc-10"/>
      </symbol>
      <symbol id="sm-aec">
         <name>SystemInit</name>
         <value>0x27f1</value>
         <object_component_ref idref="oc-9a"/>
      </symbol>
      <symbol id="sm-afc">
         <name>__aeabi_memset</name>
         <value>0x23e7</value>
         <object_component_ref idref="oc-10e"/>
      </symbol>
      <symbol id="sm-afd">
         <name>memset</name>
         <value>0x23ed</value>
         <object_component_ref idref="oc-10e"/>
      </symbol>
      <symbol id="sm-afe">
         <name>__aeabi_memset8</name>
         <value>0x23e7</value>
         <object_component_ref idref="oc-10e"/>
      </symbol>
      <symbol id="sm-aff">
         <name>__aeabi_memset4</name>
         <value>0x23e7</value>
         <object_component_ref idref="oc-10e"/>
      </symbol>
      <symbol id="sm-b00">
         <name>__aeabi_memclr8</name>
         <value>0x23e5</value>
         <object_component_ref idref="oc-10e"/>
      </symbol>
      <symbol id="sm-b01">
         <name>__aeabi_memclr4</name>
         <value>0x23e5</value>
         <object_component_ref idref="oc-10e"/>
      </symbol>
      <symbol id="sm-b02">
         <name>__aeabi_memclr</name>
         <value>0x23e5</value>
         <object_component_ref idref="oc-10e"/>
      </symbol>
      <symbol id="sm-b1f">
         <name>memcpy</name>
         <value>0x1ed7</value>
         <object_component_ref idref="oc-68"/>
      </symbol>
      <symbol id="sm-b20">
         <name>__aeabi_memcpy</name>
         <value>0x1ed7</value>
         <object_component_ref idref="oc-68"/>
      </symbol>
      <symbol id="sm-b21">
         <name>__aeabi_memcpy8</name>
         <value>0x1ed7</value>
         <object_component_ref idref="oc-68"/>
      </symbol>
      <symbol id="sm-b22">
         <name>__aeabi_memcpy4</name>
         <value>0x1ed7</value>
         <object_component_ref idref="oc-68"/>
      </symbol>
      <symbol id="sm-b34">
         <name>__TI_zero_init</name>
         <value>0x3b2d</value>
         <object_component_ref idref="oc-7a"/>
      </symbol>
      <symbol id="sm-b4b">
         <name>__TI_decompress_none</name>
         <value>0x3af1</value>
         <object_component_ref idref="oc-19"/>
      </symbol>
      <symbol id="sm-b6e">
         <name>__TI_decompress_lzss</name>
         <value>0x2859</value>
         <object_component_ref idref="oc-13"/>
      </symbol>
      <symbol id="sm-b81">
         <name>__stack</name>
         <value>0x2000fce0</value>
         <object_component_ref idref="oc-22"/>
      </symbol>
      <symbol id="sm-b82">
         <name>_c_int00_noargs</name>
         <value>0x3355</value>
         <object_component_ref idref="oc-86"/>
      </symbol>
      <symbol id="sm-b8d">
         <name>C$$EXIT</name>
         <value>0x7a5</value>
         <object_component_ref idref="oc-1d7"/>
      </symbol>
      <symbol id="sm-b8e">
         <name>abort</name>
         <value>0x7a5</value>
         <object_component_ref idref="oc-1d7"/>
      </symbol>
      <symbol id="sm-bbf">
         <name>__TI_auto_init_nobinit_nopinit</name>
         <value>0x3215</value>
         <object_component_ref idref="oc-1e3"/>
      </symbol>
      <symbol id="sm-bc9">
         <name>_system_pre_init</name>
         <value>0x44d</value>
         <object_component_ref idref="oc-114"/>
      </symbol>
      <symbol id="sm-bcb">
         <name>__TI_static_base__</name>
         <value>0x0</value>
      </symbol>
      <symbol id="sm-bce">
         <name>__mpu_init</name>
         <value>0x0</value>
      </symbol>
      <symbol id="sm-bcf">
         <name>_system_post_cinit</name>
         <value>0x0</value>
      </symbol>
   </symbol_table>
   <title>Link successful</title>
</link_info>
