******************************************************************************
                  TI ARM Linker PC v18.1.2                     
******************************************************************************
>> Linked Tue Aug 28 00:22:21 2018

OUTPUT FILE NAME:   <Mohd_Robot2.out>
ENTRY POINT SYMBOL: "_c_int00_noargs"  address: 00000c59


MEMORY CONFIGURATION

         name            origin    length      used     unused   attr    fill
----------------------  --------  ---------  --------  --------  ----  --------
  MAIN                  00000000   00040000  00000cf8  0003f308  R  X
  INFO                  00200000   00004000  00000000  00004000  R  X
  SRAM_CODE             01000000   00010000  0000021c  0000fde4  RW X
  SRAM_DATA             20000000   00010000  0000021c  0000fde4  RW  


SEGMENT ALLOCATION MAP

run origin  load origin   length   init length attrs members
----------  ----------- ---------- ----------- ----- -------
00000000    00000000    00000cf8   00000cf8    r-x
  00000000    00000000    000000e4   000000e4    r-- .intvecs
  000000e4    000000e4    00000bf4   00000bf4    r-x .text
  00000cd8    00000cd8    00000020   00000020    r-- .cinit
20000000    20000000    0000001c   00000000    rw-
  20000000    20000000    0000001c   00000000    rw- .data
2000fe00    2000fe00    00000200   00000000    rw-
  2000fe00    2000fe00    00000200   00000000    rw- .stack


SECTION ALLOCATION MAP

 output                                  attributes/
section   page    origin      length       input sections
--------  ----  ----------  ----------   ----------------
.intvecs   0    00000000    000000e4     
                  00000000    000000e4     startup_msp432p401r_ccs.obj (.intvecs:retain)

.text      0    000000e4    00000bf4     
                  000000e4    000004b4     Mohd_Robot2.obj (.text)
                  00000598    0000032c     system_msp432p401r.obj (.text)
                  000008c4    000001e0     Clock.obj (.text)
                  00000aa4    0000009c     rtsv7M4_T_le_v4SPD16_eabi.lib : memcpy_t2.asm.obj (.text)
                  00000b40    0000006c     SysTick.obj (.text)
                  00000bac    00000068     rtsv7M4_T_le_v4SPD16_eabi.lib : copy_decompress_lzss.c.obj (.text:decompress:lzss:__TI_decompress_lzss)
                  00000c14    00000044                                   : autoinit.c.obj (.text:__TI_auto_init_nobinit_nopinit:__TI_auto_init_nobinit_nopinit)
                  00000c58    00000038                                   : boot_cortex_m.c.obj (.text:_c_int00_noargs:_c_int00_noargs)
                  00000c90    00000024     CortexM.obj (.text)
                  00000cb4    0000000e     rtsv7M4_T_le_v4SPD16_eabi.lib : copy_decompress_none.c.obj (.text:decompress:none:__TI_decompress_none)
                  00000cc2    0000000e     startup_msp432p401r_ccs.obj (.text)
                  00000cd0    00000004     rtsv7M4_T_le_v4SPD16_eabi.lib : pre_init.c.obj (.text:_system_pre_init)
                  00000cd4    00000004                                   : exit.c.obj (.text:abort:abort)

.cinit     0    00000cd8    00000020     
                  00000cd8    0000000d     (.cinit..data.load) [load image, compression = lzss]
                  00000ce5    00000003     --HOLE-- [fill = 0]
                  00000ce8    00000008     (__TI_handler_table)
                  00000cf0    00000008     (__TI_cinit_table)

.init_array 
*          0    00000000    00000000     UNINITIALIZED

.binit     0    00000000    00000000     

.data      0    20000000    0000001c     UNINITIALIZED
                  20000000    00000018     Clock.obj (.data)
                  20000018    00000004     system_msp432p401r.obj (.data)

.stack     0    2000fe00    00000200     UNINITIALIZED
                  2000fe00    00000004     rtsv7M4_T_le_v4SPD16_eabi.lib : boot_cortex_m.c.obj (.stack)
                  2000fe04    000001fc     --HOLE--

MODULE SUMMARY

       Module                        code   ro data   rw data
       ------                        ----   -------   -------
    .\
       Mohd_Robot2.obj               1204   0         0      
       system_msp432p401r.obj        812    0         8      
       Clock.obj                     480    0         48     
       startup_msp432p401r_ccs.obj   14     228       0      
       SysTick.obj                   108    0         0      
       CortexM.obj                   36     0         0      
    +--+-----------------------------+------+---------+---------+
       Total:                        2654   228       56     
                                                             
    C:\ti\ccsv8\tools\compiler\ti-cgt-arm_18.1.2.LTS\lib\rtsv7M4_T_le_v4SPD16_eabi.lib
       memcpy_t2.asm.obj             156    0         0      
       copy_decompress_lzss.c.obj    104    0         0      
       autoinit.c.obj                68     0         0      
       boot_cortex_m.c.obj           56     0         0      
       copy_decompress_none.c.obj    14     0         0      
       exit.c.obj                    4      0         0      
       pre_init.c.obj                4      0         0      
    +--+-----------------------------+------+---------+---------+
       Total:                        406    0         0      
                                                             
       Stack:                        0      0         1024   
       Linker Generated:             0      29        0      
    +--+-----------------------------+------+---------+---------+
       Grand Total:                  3060   257       1080   


LINKER GENERATED COPY TABLES

__TI_cinit_table @ 00000cf0 records: 1, size/record: 8, table size: 8
	.data: load addr=00000cd8, load size=0000000d bytes, run addr=20000000, run size=0000001c bytes, compression=lzss


LINKER GENERATED HANDLER TABLE

__TI_handler_table @ 00000ce8 records: 2, size/record: 4, table size: 8
	index: 0, handler: __TI_decompress_lzss
	index: 1, handler: __TI_decompress_none


GLOBAL SYMBOLS: SORTED ALPHABETICALLY BY Name 

address   name                          
-------   ----                          
00000ccf  ADC14_IRQHandler              
00000ccf  AES256_IRQHandler             
000001db  BumpEdgeTrigger_Init          
000001a7  Bump_Init                     
0000033f  Bump_Read_Input               
00000ccf  BusFault_Handler              
00000cd5  C$$EXIT                       
00000ccf  COMP_E0_IRQHandler            
00000ccf  COMP_E1_IRQHandler            
20000008  CPMwait                       
00000ccf  CS_IRQHandler                 
20000000  ClockFrequency                
00000a19  Clock_Delay1ms                
000009ef  Clock_Delay1us                
000009db  Clock_GetFreq                 
000008c5  Clock_Init48MHz               
20000014  Crystalstable                 
00000ccf  DMA_ERR_IRQHandler            
00000ccf  DMA_INT0_IRQHandler           
00000ccf  DMA_INT1_IRQHandler           
00000ccf  DMA_INT2_IRQHandler           
00000ccf  DMA_INT3_IRQHandler           
00000ccf  DebugMon_Handler              
00000ccf  Default_Handler               
00000c91  DisableInterrupts             
00000ccf  EUSCIA0_IRQHandler            
00000ccf  EUSCIA1_IRQHandler            
00000ccf  EUSCIA2_IRQHandler            
00000ccf  EUSCIA3_IRQHandler            
00000ccf  EUSCIB0_IRQHandler            
00000ccf  EUSCIB1_IRQHandler            
00000ccf  EUSCIB2_IRQHandler            
00000ccf  EUSCIB3_IRQHandler            
000000e5  EdgeTrigger_Init              
00000c97  EnableInterrupts              
00000ca7  EndCritical                   
00000ccf  FLCTL_IRQHandler              
00000ccf  FPU_IRQHandler                
00000ccf  HardFault_Handler             
20000010  IFlags                        
00000ccf  MemManage_Handler             
00000ccf  NMI_Handler                   
00000ccf  PCM_IRQHandler                
0000014d  PORT1_IRQHandler              
0000014d  PORT1_IRQHandler              
00000ccf  PORT2_IRQHandler              
00000ccf  PORT3_IRQHandler              
00000243  PORT4_IRQHandler              
00000243  PORT4_IRQHandler              
00000ccf  PORT5_IRQHandler              
00000ccf  PORT6_IRQHandler              
00000ccf  PSS_IRQHandler                
00000ccf  PendSV_Handler                
00000355  Port1_Init2                   
00000393  Port2_Init2                   
000003c7  Port2_Output2                 
2000000c  Postwait                      
20000004  Prewait                       
00000ccf  RTC_C_IRQHandler              
00000cc3  Reset_Handler                 
00000ccf  SVC_Handler                   
00000c9d  StartCritical                 
00000ccf  SysTick_Handler               
00000b41  SysTick_Init                  
00000b51  SysTick_Wait                  
00000b77  SysTick_Wait10ms              
00000349  SysTick_Wait1us               
20000018  SystemCoreClock               
00000599  SystemCoreClockUpdate         
0000080d  SystemInit                    
00000ccf  T32_INT1_IRQHandler           
00000ccf  T32_INT2_IRQHandler           
00000ccf  T32_INTC_IRQHandler           
00000ccf  TA0_0_IRQHandler              
00000ccf  TA0_N_IRQHandler              
00000ccf  TA1_0_IRQHandler              
00000ccf  TA1_N_IRQHandler              
00000ccf  TA2_0_IRQHandler              
00000ccf  TA2_N_IRQHandler              
00000ccf  TA3_0_IRQHandler              
00000ccf  TA3_N_IRQHandler              
00000ccf  UsageFault_Handler            
4000480c  WDTCTL_SYM                    
00000ccf  WDT_A_IRQHandler              
00000caf  WaitForInterrupt              
20010000  __STACK_END                   
00000200  __STACK_SIZE                  
00000cf0  __TI_CINIT_Base               
00000cf8  __TI_CINIT_Limit              
00000ce8  __TI_Handler_Table_Base       
00000cf0  __TI_Handler_Table_Limit      
00000c15  __TI_auto_init_nobinit_nopinit
00000bad  __TI_decompress_lzss          
00000cb5  __TI_decompress_none          
ffffffff  __TI_pprof_out_hndl           
ffffffff  __TI_prof_data_size           
ffffffff  __TI_prof_data_start          
00000000  __TI_static_base__            
00000aa5  __aeabi_memcpy                
00000aa5  __aeabi_memcpy4               
00000aa5  __aeabi_memcpy8               
ffffffff  __binit__                     
ffffffff  __c_args__                    
UNDEFED   __mpu_init                    
2000fe00  __stack                       
00000c59  _c_int00_noargs               
UNDEFED   _system_post_cinit            
00000cd1  _system_pre_init              
00000cd5  abort                         
ffffffff  binit                         
000009e1  delay                         
00000000  interruptVectors              
00000545  main                          
00000415  mainX                         
00000aa5  memcpy                        


GLOBAL SYMBOLS: SORTED BY Symbol Address 

address   name                          
-------   ----                          
00000000  __TI_static_base__            
00000000  interruptVectors              
000000e5  EdgeTrigger_Init              
0000014d  PORT1_IRQHandler              
0000014d  PORT1_IRQHandler              
000001a7  Bump_Init                     
000001db  BumpEdgeTrigger_Init          
00000200  __STACK_SIZE                  
00000243  PORT4_IRQHandler              
00000243  PORT4_IRQHandler              
0000033f  Bump_Read_Input               
00000349  SysTick_Wait1us               
00000355  Port1_Init2                   
00000393  Port2_Init2                   
000003c7  Port2_Output2                 
00000415  mainX                         
00000545  main                          
00000599  SystemCoreClockUpdate         
0000080d  SystemInit                    
000008c5  Clock_Init48MHz               
000009db  Clock_GetFreq                 
000009e1  delay                         
000009ef  Clock_Delay1us                
00000a19  Clock_Delay1ms                
00000aa5  __aeabi_memcpy                
00000aa5  __aeabi_memcpy4               
00000aa5  __aeabi_memcpy8               
00000aa5  memcpy                        
00000b41  SysTick_Init                  
00000b51  SysTick_Wait                  
00000b77  SysTick_Wait10ms              
00000bad  __TI_decompress_lzss          
00000c15  __TI_auto_init_nobinit_nopinit
00000c59  _c_int00_noargs               
00000c91  DisableInterrupts             
00000c97  EnableInterrupts              
00000c9d  StartCritical                 
00000ca7  EndCritical                   
00000caf  WaitForInterrupt              
00000cb5  __TI_decompress_none          
00000cc3  Reset_Handler                 
00000ccf  ADC14_IRQHandler              
00000ccf  AES256_IRQHandler             
00000ccf  BusFault_Handler              
00000ccf  COMP_E0_IRQHandler            
00000ccf  COMP_E1_IRQHandler            
00000ccf  CS_IRQHandler                 
00000ccf  DMA_ERR_IRQHandler            
00000ccf  DMA_INT0_IRQHandler           
00000ccf  DMA_INT1_IRQHandler           
00000ccf  DMA_INT2_IRQHandler           
00000ccf  DMA_INT3_IRQHandler           
00000ccf  DebugMon_Handler              
00000ccf  Default_Handler               
00000ccf  EUSCIA0_IRQHandler            
00000ccf  EUSCIA1_IRQHandler            
00000ccf  EUSCIA2_IRQHandler            
00000ccf  EUSCIA3_IRQHandler            
00000ccf  EUSCIB0_IRQHandler            
00000ccf  EUSCIB1_IRQHandler            
00000ccf  EUSCIB2_IRQHandler            
00000ccf  EUSCIB3_IRQHandler            
00000ccf  FLCTL_IRQHandler              
00000ccf  FPU_IRQHandler                
00000ccf  HardFault_Handler             
00000ccf  MemManage_Handler             
00000ccf  NMI_Handler                   
00000ccf  PCM_IRQHandler                
00000ccf  PORT2_IRQHandler              
00000ccf  PORT3_IRQHandler              
00000ccf  PORT5_IRQHandler              
00000ccf  PORT6_IRQHandler              
00000ccf  PSS_IRQHandler                
00000ccf  PendSV_Handler                
00000ccf  RTC_C_IRQHandler              
00000ccf  SVC_Handler                   
00000ccf  SysTick_Handler               
00000ccf  T32_INT1_IRQHandler           
00000ccf  T32_INT2_IRQHandler           
00000ccf  T32_INTC_IRQHandler           
00000ccf  TA0_0_IRQHandler              
00000ccf  TA0_N_IRQHandler              
00000ccf  TA1_0_IRQHandler              
00000ccf  TA1_N_IRQHandler              
00000ccf  TA2_0_IRQHandler              
00000ccf  TA2_N_IRQHandler              
00000ccf  TA3_0_IRQHandler              
00000ccf  TA3_N_IRQHandler              
00000ccf  UsageFault_Handler            
00000ccf  WDT_A_IRQHandler              
00000cd1  _system_pre_init              
00000cd5  C$$EXIT                       
00000cd5  abort                         
00000ce8  __TI_Handler_Table_Base       
00000cf0  __TI_CINIT_Base               
00000cf0  __TI_Handler_Table_Limit      
00000cf8  __TI_CINIT_Limit              
20000000  ClockFrequency                
20000004  Prewait                       
20000008  CPMwait                       
2000000c  Postwait                      
20000010  IFlags                        
20000014  Crystalstable                 
20000018  SystemCoreClock               
2000fe00  __stack                       
20010000  __STACK_END                   
4000480c  WDTCTL_SYM                    
ffffffff  __TI_pprof_out_hndl           
ffffffff  __TI_prof_data_size           
ffffffff  __TI_prof_data_start          
ffffffff  __binit__                     
ffffffff  __c_args__                    
ffffffff  binit                         
UNDEFED   __mpu_init                    
UNDEFED   _system_post_cinit            

[115 symbols]
