******************************************************************************
                  TI ARM Linker PC v18.1.2                     
******************************************************************************
>> Linked Mon Aug 27 12:04:00 2018

OUTPUT FILE NAME:   <Mohd_Robot1.out>
ENTRY POINT SYMBOL: "_c_int00_noargs"  address: 000009dd


MEMORY CONFIGURATION

         name            origin    length      used     unused   attr    fill
----------------------  --------  ---------  --------  --------  ----  --------
  MAIN                  00000000   00040000  00000a58  0003f5a8  R  X
  INFO                  00200000   00004000  00000000  00004000  R  X
  SRAM_CODE             01000000   00010000  0000021c  0000fde4  RW X
  SRAM_DATA             20000000   00010000  0000021c  0000fde4  RW  


SEGMENT ALLOCATION MAP

run origin  load origin   length   init length attrs members
----------  ----------- ---------- ----------- ----- -------
00000000    00000000    00000a58   00000a58    r-x
  00000000    00000000    000000e4   000000e4    r-- .intvecs
  000000e4    000000e4    00000954   00000954    r-x .text
  00000a38    00000a38    00000020   00000020    r-- .cinit
20000000    20000000    0000001c   00000000    rw-
  20000000    20000000    0000001c   00000000    rw- .data
2000fe00    2000fe00    00000200   00000000    rw-
  2000fe00    2000fe00    00000200   00000000    rw- .stack


SECTION ALLOCATION MAP

 output                                  attributes/
section   page    origin      length       input sections
--------  ----  ----------  ----------   ----------------
.intvecs   0    00000000    000000e4     
                  00000000    000000e4     startup_msp432p401r_ccs.obj (.intvecs:retain)

.text      0    000000e4    00000954     
                  000000e4    0000032c     system_msp432p401r.obj (.text)
                  00000410    00000238     Mohd_Robot1.obj (.text)
                  00000648    000001e0     Clock.obj (.text)
                  00000828    0000009c     rtsv7M4_T_le_v4SPD16_eabi.lib : memcpy_t2.asm.obj (.text)
                  000008c4    0000006c     SysTick.obj (.text)
                  00000930    00000068     rtsv7M4_T_le_v4SPD16_eabi.lib : copy_decompress_lzss.c.obj (.text:decompress:lzss:__TI_decompress_lzss)
                  00000998    00000044                                   : autoinit.c.obj (.text:__TI_auto_init_nobinit_nopinit:__TI_auto_init_nobinit_nopinit)
                  000009dc    00000038                                   : boot_cortex_m.c.obj (.text:_c_int00_noargs:_c_int00_noargs)
                  00000a14    0000000e                                   : copy_decompress_none.c.obj (.text:decompress:none:__TI_decompress_none)
                  00000a22    0000000e     startup_msp432p401r_ccs.obj (.text)
                  00000a30    00000004     rtsv7M4_T_le_v4SPD16_eabi.lib : pre_init.c.obj (.text:_system_pre_init)
                  00000a34    00000004                                   : exit.c.obj (.text:abort:abort)

.cinit     0    00000a38    00000020     
                  00000a38    0000000d     (.cinit..data.load) [load image, compression = lzss]
                  00000a45    00000003     --HOLE-- [fill = 0]
                  00000a48    00000008     (__TI_handler_table)
                  00000a50    00000008     (__TI_cinit_table)

.init_array 
*          0    00000000    00000000     UNINITIALIZED

.binit     0    00000000    00000000     

.data      0    20000000    0000001c     UNINITIALIZED
                  20000000    00000018     Clock.obj (.data)
                  20000018    00000004     system_msp432p401r.obj (.data)

.stack     0    2000fe00    00000200     UNINITIALIZED
                  2000fe00    00000004     rtsv7M4_T_le_v4SPD16_eabi.lib : boot_cortex_m.c.obj (.stack)
                  2000fe04    000001fc     --HOLE--

MODULE SUMMARY

       Module                        code   ro data   rw data
       ------                        ----   -------   -------
    .\
       system_msp432p401r.obj        812    0         8      
       Mohd_Robot1.obj               568    0         0      
       Clock.obj                     480    0         48     
       startup_msp432p401r_ccs.obj   14     228       0      
       SysTick.obj                   108    0         0      
    +--+-----------------------------+------+---------+---------+
       Total:                        1982   228       56     
                                                             
    C:\ti\ccsv8\tools\compiler\ti-cgt-arm_18.1.2.LTS\lib\rtsv7M4_T_le_v4SPD16_eabi.lib
       memcpy_t2.asm.obj             156    0         0      
       copy_decompress_lzss.c.obj    104    0         0      
       autoinit.c.obj                68     0         0      
       boot_cortex_m.c.obj           56     0         0      
       copy_decompress_none.c.obj    14     0         0      
       exit.c.obj                    4      0         0      
       pre_init.c.obj                4      0         0      
    +--+-----------------------------+------+---------+---------+
       Total:                        406    0         0      
                                                             
       Stack:                        0      0         1024   
       Linker Generated:             0      29        0      
    +--+-----------------------------+------+---------+---------+
       Grand Total:                  2388   257       1080   


LINKER GENERATED COPY TABLES

__TI_cinit_table @ 00000a50 records: 1, size/record: 8, table size: 8
	.data: load addr=00000a38, load size=0000000d bytes, run addr=20000000, run size=0000001c bytes, compression=lzss


LINKER GENERATED HANDLER TABLE

__TI_handler_table @ 00000a48 records: 2, size/record: 4, table size: 8
	index: 0, handler: __TI_decompress_lzss
	index: 1, handler: __TI_decompress_none


GLOBAL SYMBOLS: SORTED ALPHABETICALLY BY Name 

address   name                          
-------   ----                          
00000a2f  ADC14_IRQHandler              
00000a2f  AES256_IRQHandler             
00000411  Bump_Init                     
00000445  Bump_Read_Input               
00000a2f  BusFault_Handler              
00000a35  C$$EXIT                       
00000a2f  COMP_E0_IRQHandler            
00000a2f  COMP_E1_IRQHandler            
20000008  CPMwait                       
00000a2f  CS_IRQHandler                 
20000000  ClockFrequency                
0000079d  Clock_Delay1ms                
00000773  Clock_Delay1us                
0000075f  Clock_GetFreq                 
00000649  Clock_Init48MHz               
20000014  Crystalstable                 
00000a2f  DMA_ERR_IRQHandler            
00000a2f  DMA_INT0_IRQHandler           
00000a2f  DMA_INT1_IRQHandler           
00000a2f  DMA_INT2_IRQHandler           
00000a2f  DMA_INT3_IRQHandler           
00000a2f  DebugMon_Handler              
00000a2f  Default_Handler               
00000a2f  EUSCIA0_IRQHandler            
00000a2f  EUSCIA1_IRQHandler            
00000a2f  EUSCIA2_IRQHandler            
00000a2f  EUSCIA3_IRQHandler            
00000a2f  EUSCIB0_IRQHandler            
00000a2f  EUSCIB1_IRQHandler            
00000a2f  EUSCIB2_IRQHandler            
00000a2f  EUSCIB3_IRQHandler            
00000a2f  FLCTL_IRQHandler              
00000a2f  FPU_IRQHandler                
00000a2f  HardFault_Handler             
20000010  IFlags                        
00000a2f  MemManage_Handler             
00000a2f  NMI_Handler                   
00000a2f  PCM_IRQHandler                
00000a2f  PORT1_IRQHandler              
00000a2f  PORT2_IRQHandler              
00000a2f  PORT3_IRQHandler              
00000a2f  PORT4_IRQHandler              
00000a2f  PORT5_IRQHandler              
00000a2f  PORT6_IRQHandler              
00000a2f  PSS_IRQHandler                
00000a2f  PendSV_Handler                
0000045b  Port1_Init2                   
00000499  Port2_Init2                   
000004cd  Port2_Output2                 
2000000c  Postwait                      
20000004  Prewait                       
00000a2f  RTC_C_IRQHandler              
00000a23  Reset_Handler                 
00000a2f  SVC_Handler                   
00000a2f  SysTick_Handler               
000008c5  SysTick_Init                  
000008d5  SysTick_Wait                  
000008fb  SysTick_Wait10ms              
0000044f  SysTick_Wait1us               
20000018  SystemCoreClock               
000000e5  SystemCoreClockUpdate         
00000359  SystemInit                    
00000a2f  T32_INT1_IRQHandler           
00000a2f  T32_INT2_IRQHandler           
00000a2f  T32_INTC_IRQHandler           
00000a2f  TA0_0_IRQHandler              
00000a2f  TA0_N_IRQHandler              
00000a2f  TA1_0_IRQHandler              
00000a2f  TA1_N_IRQHandler              
00000a2f  TA2_0_IRQHandler              
00000a2f  TA2_N_IRQHandler              
00000a2f  TA3_0_IRQHandler              
00000a2f  TA3_N_IRQHandler              
00000a2f  UsageFault_Handler            
4000480c  WDTCTL_SYM                    
00000a2f  WDT_A_IRQHandler              
20010000  __STACK_END                   
00000200  __STACK_SIZE                  
00000a50  __TI_CINIT_Base               
00000a58  __TI_CINIT_Limit              
00000a48  __TI_Handler_Table_Base       
00000a50  __TI_Handler_Table_Limit      
00000999  __TI_auto_init_nobinit_nopinit
00000931  __TI_decompress_lzss          
00000a15  __TI_decompress_none          
ffffffff  __TI_pprof_out_hndl           
ffffffff  __TI_prof_data_size           
ffffffff  __TI_prof_data_start          
00000000  __TI_static_base__            
00000829  __aeabi_memcpy                
00000829  __aeabi_memcpy4               
00000829  __aeabi_memcpy8               
ffffffff  __binit__                     
ffffffff  __c_args__                    
UNDEFED   __mpu_init                    
2000fe00  __stack                       
000009dd  _c_int00_noargs               
UNDEFED   _system_post_cinit            
00000a31  _system_pre_init              
00000a35  abort                         
ffffffff  binit                         
00000765  delay                         
00000000  interruptVectors              
000004eb  main                          
00000829  memcpy                        


GLOBAL SYMBOLS: SORTED BY Symbol Address 

address   name                          
-------   ----                          
00000000  __TI_static_base__            
00000000  interruptVectors              
000000e5  SystemCoreClockUpdate         
00000200  __STACK_SIZE                  
00000359  SystemInit                    
00000411  Bump_Init                     
00000445  Bump_Read_Input               
0000044f  SysTick_Wait1us               
0000045b  Port1_Init2                   
00000499  Port2_Init2                   
000004cd  Port2_Output2                 
000004eb  main                          
00000649  Clock_Init48MHz               
0000075f  Clock_GetFreq                 
00000765  delay                         
00000773  Clock_Delay1us                
0000079d  Clock_Delay1ms                
00000829  __aeabi_memcpy                
00000829  __aeabi_memcpy4               
00000829  __aeabi_memcpy8               
00000829  memcpy                        
000008c5  SysTick_Init                  
000008d5  SysTick_Wait                  
000008fb  SysTick_Wait10ms              
00000931  __TI_decompress_lzss          
00000999  __TI_auto_init_nobinit_nopinit
000009dd  _c_int00_noargs               
00000a15  __TI_decompress_none          
00000a23  Reset_Handler                 
00000a2f  ADC14_IRQHandler              
00000a2f  AES256_IRQHandler             
00000a2f  BusFault_Handler              
00000a2f  COMP_E0_IRQHandler            
00000a2f  COMP_E1_IRQHandler            
00000a2f  CS_IRQHandler                 
00000a2f  DMA_ERR_IRQHandler            
00000a2f  DMA_INT0_IRQHandler           
00000a2f  DMA_INT1_IRQHandler           
00000a2f  DMA_INT2_IRQHandler           
00000a2f  DMA_INT3_IRQHandler           
00000a2f  DebugMon_Handler              
00000a2f  Default_Handler               
00000a2f  EUSCIA0_IRQHandler            
00000a2f  EUSCIA1_IRQHandler            
00000a2f  EUSCIA2_IRQHandler            
00000a2f  EUSCIA3_IRQHandler            
00000a2f  EUSCIB0_IRQHandler            
00000a2f  EUSCIB1_IRQHandler            
00000a2f  EUSCIB2_IRQHandler            
00000a2f  EUSCIB3_IRQHandler            
00000a2f  FLCTL_IRQHandler              
00000a2f  FPU_IRQHandler                
00000a2f  HardFault_Handler             
00000a2f  MemManage_Handler             
00000a2f  NMI_Handler                   
00000a2f  PCM_IRQHandler                
00000a2f  PORT1_IRQHandler              
00000a2f  PORT2_IRQHandler              
00000a2f  PORT3_IRQHandler              
00000a2f  PORT4_IRQHandler              
00000a2f  PORT5_IRQHandler              
00000a2f  PORT6_IRQHandler              
00000a2f  PSS_IRQHandler                
00000a2f  PendSV_Handler                
00000a2f  RTC_C_IRQHandler              
00000a2f  SVC_Handler                   
00000a2f  SysTick_Handler               
00000a2f  T32_INT1_IRQHandler           
00000a2f  T32_INT2_IRQHandler           
00000a2f  T32_INTC_IRQHandler           
00000a2f  TA0_0_IRQHandler              
00000a2f  TA0_N_IRQHandler              
00000a2f  TA1_0_IRQHandler              
00000a2f  TA1_N_IRQHandler              
00000a2f  TA2_0_IRQHandler              
00000a2f  TA2_N_IRQHandler              
00000a2f  TA3_0_IRQHandler              
00000a2f  TA3_N_IRQHandler              
00000a2f  UsageFault_Handler            
00000a2f  WDT_A_IRQHandler              
00000a31  _system_pre_init              
00000a35  C$$EXIT                       
00000a35  abort                         
00000a48  __TI_Handler_Table_Base       
00000a50  __TI_CINIT_Base               
00000a50  __TI_Handler_Table_Limit      
00000a58  __TI_CINIT_Limit              
20000000  ClockFrequency                
20000004  Prewait                       
20000008  CPMwait                       
2000000c  Postwait                      
20000010  IFlags                        
20000014  Crystalstable                 
20000018  SystemCoreClock               
2000fe00  __stack                       
20010000  __STACK_END                   
4000480c  WDTCTL_SYM                    
ffffffff  __TI_pprof_out_hndl           
ffffffff  __TI_prof_data_size           
ffffffff  __TI_prof_data_start          
ffffffff  __binit__                     
ffffffff  __c_args__                    
ffffffff  binit                         
UNDEFED   __mpu_init                    
UNDEFED   _system_post_cinit            

[105 symbols]
